Archive member included to satisfy reference by file (symbol)

e:/stm32 cube ide/stm32cubeide_1.10.1/stm32cubeide/plugins/com.st.stm32cube.ide.mcu.externaltools.gnu-tools-for-stm32.10.3-2021.10.win32_1.0.0.202111181127/tools/bin/../lib/gcc/arm-none-eabi/10.3.1/../../../../arm-none-eabi/lib/thumb/v7e-m+fp/hard\libc_nano.a(lib_a-ctype_.o)
                              ./Core/Src/Internet/SNMP/snmp.o (_ctype_)
e:/stm32 cube ide/stm32cubeide_1.10.1/stm32cubeide/plugins/com.st.stm32cube.ide.mcu.externaltools.gnu-tools-for-stm32.10.3-2021.10.win32_1.0.0.202111181127/tools/bin/../lib/gcc/arm-none-eabi/10.3.1/../../../../arm-none-eabi/lib/thumb/v7e-m+fp/hard\libc_nano.a(lib_a-errno.o)
                              ./Core/Src/syscalls.o (__errno)
e:/stm32 cube ide/stm32cubeide_1.10.1/stm32cubeide/plugins/com.st.stm32cube.ide.mcu.externaltools.gnu-tools-for-stm32.10.3-2021.10.win32_1.0.0.202111181127/tools/bin/../lib/gcc/arm-none-eabi/10.3.1/../../../../arm-none-eabi/lib/thumb/v7e-m+fp/hard\libc_nano.a(lib_a-exit.o)
                              e:/stm32 cube ide/stm32cubeide_1.10.1/stm32cubeide/plugins/com.st.stm32cube.ide.mcu.externaltools.gnu-tools-for-stm32.10.3-2021.10.win32_1.0.0.202111181127/tools/bin/../lib/gcc/arm-none-eabi/10.3.1/../../../../arm-none-eabi/lib/thumb/v7e-m+fp/hard/crt0.o (exit)
e:/stm32 cube ide/stm32cubeide_1.10.1/stm32cubeide/plugins/com.st.stm32cube.ide.mcu.externaltools.gnu-tools-for-stm32.10.3-2021.10.win32_1.0.0.202111181127/tools/bin/../lib/gcc/arm-none-eabi/10.3.1/../../../../arm-none-eabi/lib/thumb/v7e-m+fp/hard\libc_nano.a(lib_a-impure.o)
                              e:/stm32 cube ide/stm32cubeide_1.10.1/stm32cubeide/plugins/com.st.stm32cube.ide.mcu.externaltools.gnu-tools-for-stm32.10.3-2021.10.win32_1.0.0.202111181127/tools/bin/../lib/gcc/arm-none-eabi/10.3.1/../../../../arm-none-eabi/lib/thumb/v7e-m+fp/hard\libc_nano.a(lib_a-exit.o) (_global_impure_ptr)
e:/stm32 cube ide/stm32cubeide_1.10.1/stm32cubeide/plugins/com.st.stm32cube.ide.mcu.externaltools.gnu-tools-for-stm32.10.3-2021.10.win32_1.0.0.202111181127/tools/bin/../lib/gcc/arm-none-eabi/10.3.1/../../../../arm-none-eabi/lib/thumb/v7e-m+fp/hard\libc_nano.a(lib_a-init.o)
                              e:/stm32 cube ide/stm32cubeide_1.10.1/stm32cubeide/plugins/com.st.stm32cube.ide.mcu.externaltools.gnu-tools-for-stm32.10.3-2021.10.win32_1.0.0.202111181127/tools/bin/../lib/gcc/arm-none-eabi/10.3.1/../../../../arm-none-eabi/lib/thumb/v7e-m+fp/hard/crt0.o (__libc_init_array)
e:/stm32 cube ide/stm32cubeide_1.10.1/stm32cubeide/plugins/com.st.stm32cube.ide.mcu.externaltools.gnu-tools-for-stm32.10.3-2021.10.win32_1.0.0.202111181127/tools/bin/../lib/gcc/arm-none-eabi/10.3.1/../../../../arm-none-eabi/lib/thumb/v7e-m+fp/hard\libc_nano.a(lib_a-malloc.o)
                              ./Core/Src/Internet/httpServer/httpServer.o (malloc)
e:/stm32 cube ide/stm32cubeide_1.10.1/stm32cubeide/plugins/com.st.stm32cube.ide.mcu.externaltools.gnu-tools-for-stm32.10.3-2021.10.win32_1.0.0.202111181127/tools/bin/../lib/gcc/arm-none-eabi/10.3.1/../../../../arm-none-eabi/lib/thumb/v7e-m+fp/hard\libc_nano.a(lib_a-memcmp.o)
                              ./Core/Src/Internet/MQTT/MQTTPacket/src/MQTTConnectServer.o (memcmp)
e:/stm32 cube ide/stm32cubeide_1.10.1/stm32cubeide/plugins/com.st.stm32cube.ide.mcu.externaltools.gnu-tools-for-stm32.10.3-2021.10.win32_1.0.0.202111181127/tools/bin/../lib/gcc/arm-none-eabi/10.3.1/../../../../arm-none-eabi/lib/thumb/v7e-m+fp/hard\libc_nano.a(lib_a-memcpy-stub.o)
                              ./Core/Src/Internet/MQTT/MQTTClient.o (memcpy)
e:/stm32 cube ide/stm32cubeide_1.10.1/stm32cubeide/plugins/com.st.stm32cube.ide.mcu.externaltools.gnu-tools-for-stm32.10.3-2021.10.win32_1.0.0.202111181127/tools/bin/../lib/gcc/arm-none-eabi/10.3.1/../../../../arm-none-eabi/lib/thumb/v7e-m+fp/hard\libc_nano.a(lib_a-memset.o)
                              e:/stm32 cube ide/stm32cubeide_1.10.1/stm32cubeide/plugins/com.st.stm32cube.ide.mcu.externaltools.gnu-tools-for-stm32.10.3-2021.10.win32_1.0.0.202111181127/tools/bin/../lib/gcc/arm-none-eabi/10.3.1/../../../../arm-none-eabi/lib/thumb/v7e-m+fp/hard/crt0.o (memset)
e:/stm32 cube ide/stm32cubeide_1.10.1/stm32cubeide/plugins/com.st.stm32cube.ide.mcu.externaltools.gnu-tools-for-stm32.10.3-2021.10.win32_1.0.0.202111181127/tools/bin/../lib/gcc/arm-none-eabi/10.3.1/../../../../arm-none-eabi/lib/thumb/v7e-m+fp/hard\libc_nano.a(lib_a-nano-freer.o)
                              e:/stm32 cube ide/stm32cubeide_1.10.1/stm32cubeide/plugins/com.st.stm32cube.ide.mcu.externaltools.gnu-tools-for-stm32.10.3-2021.10.win32_1.0.0.202111181127/tools/bin/../lib/gcc/arm-none-eabi/10.3.1/../../../../arm-none-eabi/lib/thumb/v7e-m+fp/hard\libc_nano.a(lib_a-malloc.o) (_free_r)
[...]
Memory Configuration

Name             Origin             Length             Attributes
RAM              0x0000000020000000 0x0000000000008000 xrw
FLASH            0x0000000008000000 0x0000000000020000 xr
*default*        0x0000000000000000 0xffffffffffffffff

Linker script and memory map

LOAD e:/stm32 cube ide/stm32cubeide_1.10.1/stm32cubeide/plugins/com.st.stm32cube.ide.mcu.externaltools.gnu-tools-for-stm32.10.3-2021.10.win32_1.0.0.202111181127/tools/bin/../lib/gcc/arm-none-eabi/10.3.1/thumb/v7e-m+fp/hard/crti.o
LOAD e:/stm32 cube ide/stm32cubeide_1.10.1/stm32cubeide/plugins/com.st.stm32cube.ide.mcu.externaltools.gnu-tools-for-stm32.10.3-2021.10.win32_1.0.0.202111181127/tools/bin/../lib/gcc/arm-none-eabi/10.3.1/thumb/v7e-m+fp/hard/crtbegin.o
LOAD e:/stm32 cube ide/stm32cubeide_1.10.1/stm32cubeide/plugins/com.st.stm32cube.ide.mcu.externaltools.gnu-tools-for-stm32.10.3-2021.10.win32_1.0.0.202111181127/tools/bin/../lib/gcc/arm-none-eabi/10.3.1/../../../../arm-none-eabi/lib/thumb/v7e-m+fp/hard/crt0.o
LOAD ./Core/Src/Ethernet/W5500/w5500.o
LOAD ./Core/Src/Ethernet/socket.o
LOAD ./Core/Src/Ethernet/wizchip_conf.o
LOAD ./Core/Src/Internet/DHCP/dhcp.o
LOAD ./Core/Src/Internet/DNS/dns.o
LOAD ./Core/Src/Internet/MQTT/MQTTClient.o
LOAD ./Core/Src/Internet/MQTT/mqtt_interface.o
LOAD ./Core/Src/Internet/MQTT/MQTTPacket/src/MQTTConnectClient.o
LOAD ./Core/Src/Internet/MQTT/MQTTPacket/src/MQTTConnectServer.o
LOAD ./Core/Src/Internet/MQTT/MQTTPacket/src/MQTTDeserializePublish.o
LOAD ./Core/Src/Internet/MQTT/MQTTPacket/src/MQTTFormat.o
LOAD ./Core/Src/Internet/MQTT/MQTTPacket/src/MQTTPacket.o
LOAD ./Core/Src/Internet/MQTT/MQTTPacket/src/MQTTSerializePublish.o
LOAD ./Core/Src/Internet/MQTT/MQTTPacket/src/MQTTSubscribeClient.o
LOAD ./Core/Src/Internet/MQTT/MQTTPacket/src/MQTTSubscribeServer.o
LOAD ./Core/Src/Internet/MQTT/MQTTPacket/src/MQTTUnsubscribeClient.o
LOAD ./Core/Src/Internet/MQTT/MQTTPacket/src/MQTTUnsubscribeServer.o
LOAD ./Core/Src/Internet/SNMP/snmp.o
LOAD ./Core/Src/Internet/SNMP/snmp_custom.o
LOAD ./Core/Src/Internet/SNTP/sntp.o
LOAD ./Core/Src/Internet/TFTP/netutil.o
LOAD ./Core/Src/Internet/TFTP/tftp.o
LOAD ./Core/Src/Internet/httpServer/httpParser.o
LOAD ./Core/Src/Internet/httpServer/httpServer.o
LOAD ./Core/Src/Internet/httpServer/httpUtil.o
LOAD ./Core/Src/main.o
LOAD ./Core/Src/mqtt_user.o
LOAD ./Core/Src/stm32f4xx_hal_msp.o
LOAD ./Core/Src/stm32f4xx_it.o
LOAD ./Core/Src/syscalls.o
LOAD ./Core/Src/sysmem.o
LOAD ./Core/Src/system_stm32f4xx.o
LOAD ./Core/Src/w5500_interface.o
LOAD ./Core/Startup/startup_stm32f410rbtx.o
LOAD ./Drivers/STM32F4xx_HAL_Driver/Src/stm32f4xx_hal.o
LOAD ./Drivers/STM32F4xx_HAL_Driver/Src/stm32f4xx_hal_cortex.o
LOAD ./Drivers/STM32F4xx_HAL_Driver/Src/stm32f4xx_hal_dma.o
LOAD ./Drivers/STM32F4xx_HAL_Driver/Src/stm32f4xx_hal_dma_ex.o
LOAD ./Drivers/STM32F4xx_HAL_Driver/Src/stm32f4xx_hal_exti.o
LOAD ./Drivers/STM32F4xx_HAL_Driver/Src/stm32f4xx_hal_flash.o
LOAD ./Drivers/STM32F4xx_HAL_Driver/Src/stm32f4xx_hal_flash_ex.o
LOAD ./Drivers/STM32F4xx_HAL_Driver/Src/stm32f4xx_hal_flash_ramfunc.o
LOAD ./Drivers/STM32F4xx_HAL_Driver/Src/stm32f4xx_hal_gpio.o
LOAD ./Drivers/STM32F4xx_HAL_Driver/Src/stm32f4xx_hal_pwr.o
LOAD ./Drivers/STM32F4xx_HAL_Driver/Src/stm32f4xx_hal_pwr_ex.o
LOAD ./Drivers/STM32F4xx_HAL_Driver/Src/stm32f4xx_hal_rcc.o
LOAD ./Drivers/STM32F4xx_HAL_Driver/Src/stm32f4xx_hal_rcc_ex.o
LOAD ./Drivers/STM32F4xx_HAL_Driver/Src/stm32f4xx_hal_spi.o
LOAD ./Drivers/STM32F4xx_HAL_Driver/Src/stm32f4xx_hal_tim.o
LOAD ./Drivers/STM32F4xx_HAL_Driver/Src/stm32f4xx_hal_tim_ex.o
LOAD ./Drivers/STM32F4xx_HAL_Driver/Src/stm32f4xx_hal_uart.o
START GROUP
LOAD e:/stm32 cube ide/stm32cubeide_1.10.1/stm32cubeide/plugins/com.st.stm32cube.ide.mcu.externaltools.gnu-tools-for-stm32.10.3-2021.10.win32_1.0.0.202111181127/tools/bin/../lib/gcc/arm-none-eabi/10.3.1/../../../../arm-none-eabi/lib/thumb/v7e-m+fp/hard\libc_nano.a
LOAD e:/stm32 cube ide/stm32cubeide_1.10.1/stm32cubeide/plugins/com.st.stm32cube.ide.mcu.externaltools.gnu-tools-for-stm32.10.3-2021.10.win32_1.0.0.202111181127/tools/bin/../lib/gcc/arm-none-eabi/10.3.1/../../../../arm-none-eabi/lib/thumb/v7e-m+fp/hard\libm.a
END GROUP
START GROUP
LOAD e:/stm32 cube ide/stm32cubeide_1.10.1/stm32cubeide/plugins/com.st.stm32cube.ide.mcu.externaltools.gnu-tools-for-stm32.10.3-2021.10.win32_1.0.0.202111181127/tools/bin/../lib/gcc/arm-none-eabi/10.3.1/thumb/v7e-m+fp/hard\libgcc.a
LOAD e:/stm32 cube ide/stm32cubeide_1.10.1/stm32cubeide/plugins/com.st.stm32cube.ide.mcu.externaltools.gnu-tools-for-stm32.10.3-2021.10.win32_1.0.0.202111181127/tools/bin/../lib/gcc/arm-none-eabi/10.3.1/../../../../arm-none-eabi/lib/thumb/v7e-m+fp/hard\libc_nano.a
END GROUP
START GROUP
LOAD e:/stm32 cube ide/stm32cubeide_1.10.1/stm32cubeide/plugins/com.st.stm32cube.ide.mcu.externaltools.gnu-tools-for-stm32.10.3-2021.10.win32_1.0.0.202111181127/tools/bin/../lib/gcc/arm-none-eabi/10.3.1/thumb/v7e-m+fp/hard\libgcc.a
LOAD e:/stm32 cube ide/stm32cubeide_1.10.1/stm32cubeide/plugins/com.st.stm32cube.ide.mcu.externaltools.gnu-tools-for-stm32.10.3-2021.10.win32_1.0.0.202111181127/tools/bin/../lib/gcc/arm-none-eabi/10.3.1/../../../../arm-none-eabi/lib/thumb/v7e-m+fp/hard\libc_nano.a
LOAD e:/stm32 cube ide/stm32cubeide_1.10.1/stm32cubeide/plugins/com.st.stm32cube.ide.mcu.externaltools.gnu-tools-for-stm32.10.3-2021.10.win32_1.0.0.202111181127/tools/bin/../lib/gcc/arm-none-eabi/10.3.1/../../../../arm-none-eabi/lib/thumb/v7e-m+fp/hard\libnosys.a
END GROUP
START GROUP
LOAD e:/stm32 cube ide/stm32cubeide_1.10.1/stm32cubeide/plugins/com.st.stm32cube.ide.mcu.externaltools.gnu-tools-for-stm32.10.3-2021.10.win32_1.0.0.202111181127/tools/bin/../lib/gcc/arm-none-eabi/10.3.1/thumb/v7e-m+fp/hard\libgcc.a
LOAD e:/stm32 cube ide/stm32cubeide_1.10.1/stm32cubeide/plugins/com.st.stm32cube.ide.mcu.externaltools.gnu-tools-for-stm32.10.3-2021.10.win32_1.0.0.202111181127/tools/bin/../lib/gcc/arm-none-eabi/10.3.1/../../../../arm-none-eabi/lib/thumb/v7e-m+fp/hard\libc_nano.a
LOAD e:/stm32 cube ide/stm32cubeide_1.10.1/stm32cubeide/plugins/com.st.stm32cube.ide.mcu.externaltools.gnu-tools-for-stm32.10.3-2021.10.win32_1.0.0.202111181127/tools/bin/../lib/gcc/arm-none-eabi/10.3.1/../../../../arm-none-eabi/lib/thumb/v7e-m+fp/hard\libnosys.a
END GROUP
LOAD e:/stm32 cube ide/stm32cubeide_1.10.1/stm32cubeide/plugins/com.st.stm32cube.ide.mcu.externaltools.gnu-tools-for-stm32.10.3-2021.10.win32_1.0.0.202111181127/tools/bin/../lib/gcc/arm-none-eabi/10.3.1/thumb/v7e-m+fp/hard/crtend.o
LOAD e:/stm32 cube ide/stm32cubeide_1.10.1/stm32cubeide/plugins/com.st.stm32cube.ide.mcu.externaltools.gnu-tools-for-stm32.10.3-2021.10.win32_1.0.0.202111181127/tools/bin/../lib/gcc/arm-none-eabi/10.3.1/thumb/v7e-m+fp/hard/crtn.o
                0x0000000020008000                _estack = (ORIGIN (RAM) + LENGTH (RAM))
                0x0000000000000200                _Min_Heap_Size = 0x200
                0x0000000000000400                _Min_Stack_Size = 0x400

.isr_vector     0x0000000008000000      0x1c8
                0x0000000008000000                . = ALIGN (0x4)
 *(.isr_vector)
 .isr_vector    0x0000000008000000      0x1c8 ./Core/Startup/startup_stm32f410rbtx.o
                0x0000000008000000                g_pfnVectors
                0x00000000080001c8                . = ALIGN (0x4)

.text           0x00000000080001d0     0x827c
                0x00000000080001d0                . = ALIGN (0x4)
 *(.text)
 .text          0x00000000080001d0       0x40 e:/stm32 cube ide/stm32cubeide_1.10.1/stm32cubeide/plugins/com.st.stm32cube.ide.mcu.externaltools.gnu-tools-for-stm32.10.3-2021.10.win32_1.0.0.202111181127/tools/bin/../lib/gcc/arm-none-eabi/10.3.1/thumb/v7e-m+fp/hard/crtbegin.o
 .text          0x0000000008000210       0x10 e:/stm32 cube ide/stm32cubeide_1.10.1/stm32cubeide/plugins/com.st.stm32cube.ide.mcu.externaltools.gnu-tools-for-stm32.10.3-2021.10.win32_1.0.0.202111181127/tools/bin/../lib/gcc/arm-none-eabi/10.3.1/../../../../arm-none-eabi/lib/thumb/v7e-m+fp/hard\libc_nano.a(lib_a-strlen.o)
                0x0000000008000210                strlen
 .text          0x0000000008000220       0xa0 e:/stm32 cube ide/stm32cubeide_1.10.1/stm32cubeide/plugins/com.st.stm32cube.ide.mcu.externaltools.gnu-tools-for-stm32.10.3-2021.10.win32_1.0.0.202111181127/tools/bin/../lib/gcc/arm-none-eabi/10.3.1/../../../../arm-none-eabi/lib/thumb/v7e-m+fp/hard\libc_nano.a(lib_a-memchr.o)
                0x0000000008000220                memchr
 .text          0x00000000080002c0       0x30 e:/stm32 cube ide/stm32cubeide_1.10.1/stm32cubeide/plugins/com.st.stm32cube.ide.mcu.externaltools.gnu-tools-for-stm32.10.3-2021.10.win32_1.0.0.202111181127/tools/bin/../lib/gcc/arm-none-eabi/10.3.1/thumb/v7e-m+fp/hard\libgcc.a(_aeabi_uldivmod.o)
                0x00000000080002c0                __aeabi_uldivmod
 .text          0x00000000080002f0      0x2d0 e:/stm32 cube ide/stm32cubeide_1.10.1/stm32cubeide/plugins/com.st.stm32cube.ide.mcu.externaltools.gnu-tools-for-stm32.10.3-2021.10.win32_1.0.0.202111181127/tools/bin/../lib/gcc/arm-none-eabi/10.3.1/thumb/v7e-m+fp/hard\libgcc.a(_udivmoddi4.o)
                0x00000000080002f0                __udivmoddi4
 .text          0x00000000080005c0        0x4 e:/stm32 cube ide/stm32cubeide_1.10.1/stm32cubeide/plugins/com.st.stm32cube.ide.mcu.externaltools.gnu-tools-for-stm32.10.3-2021.10.win32_1.0.0.202111181127/tools/bin/../lib/gcc/arm-none-eabi/10.3.1/thumb/v7e-m+fp/hard\libgcc.a(_dvmd_tls.o)
                0x00000000080005c0                __aeabi_idiv0
                0x00000000080005c0                __aeabi_ldiv0
 *(.text*)
 .text.WIZCHIP_READ
                0x00000000080005c4       0x98 ./Core/Src/Ethernet/W5500/w5500.o
                0x00000000080005c4                WIZCHIP_READ
 .text.WIZCHIP_WRITE
                0x000000000800065c       0x9c ./Core/Src/Ethernet/W5500/w5500.o
                0x000000000800065c                WIZCHIP_WRITE
 .text.WIZCHIP_READ_BUF
                0x00000000080006f8       0xc0 ./Core/Src/Ethernet/W5500/w5500.o
                0x00000000080006f8                WIZCHIP_READ_BUF
 .text.WIZCHIP_WRITE_BUF
                0x00000000080007b8       0xc0 ./Core/Src/Ethernet/W5500/w5500.o
                0x00000000080007b8                WIZCHIP_WRITE_BUF
 .text.getSn_TX_FSR
                0x0000000008000878       0x96 ./Core/Src/Ethernet/W5500/w5500.o
                0x0000000008000878                getSn_TX_FSR
 .text.getSn_RX_RSR
                0x000000000800090e       0x96 ./Core/Src/Ethernet/W5500/w5500.o
                0x000000000800090e                getSn_RX_RSR
 .text.wiz_send_data
                0x00000000080009a4       0xb8 ./Core/Src/Ethernet/W5500/w5500.o
                0x00000000080009a4                wiz_send_data
 .text.wiz_recv_data
                0x0000000008000a5c       0xb8 ./Core/Src/Ethernet/W5500/w5500.o
                0x0000000008000a5c                wiz_recv_data
 .text.wiz_recv_ignore
                0x0000000008000b14       0x90 ./Core/Src/Ethernet/W5500/w5500.o
                0x0000000008000b14                wiz_recv_ignore
 .text.socket   0x0000000008000ba4      0x22c ./Core/Src/Ethernet/socket.o
                0x0000000008000ba4                socket
 .text.close    0x0000000008000dd0       0xdc ./Core/Src/Ethernet/socket.o
                0x0000000008000dd0                close
 .text.connect  0x0000000008000eac      0x1b8 ./Core/Src/Ethernet/socket.o
                0x0000000008000eac                connect
 .text.disconnect
                0x0000000008001064       0xec ./Core/Src/Ethernet/socket.o
                0x0000000008001064                disconnect
 .text.send     0x0000000008001150      0x1f4 ./Core/Src/Ethernet/socket.o
                0x0000000008001150                send
 .text.recv     0x0000000008001344      0x16c ./Core/Src/Ethernet/socket.o
                0x0000000008001344                recv
 .text.sendto   0x00000000080014b0      0x26c ./Core/Src/Ethernet/socket.o
                0x00000000080014b0                sendto
 .text.recvfrom
                0x000000000800171c      0x3dc ./Core/Src/Ethernet/socket.o
                0x000000000800171c                recvfrom
 .text.wizchip_cris_enter
                0x0000000008001af8        0xe ./Core/Src/Ethernet/wizchip_conf.o
                0x0000000008001af8                wizchip_cris_enter
 .text.wizchip_cris_exit
                0x0000000008001b06        0xe ./Core/Src/Ethernet/wizchip_conf.o
                0x0000000008001b06                wizchip_cris_exit
 .text.wizchip_cs_select
                0x0000000008001b14        0xe ./Core/Src/Ethernet/wizchip_conf.o
                0x0000000008001b14                wizchip_cs_select
 .text.wizchip_cs_deselect
                0x0000000008001b22        0xe ./Core/Src/Ethernet/wizchip_conf.o
                0x0000000008001b22                wizchip_cs_deselect
 .text.wizchip_bus_readdata
                0x0000000008001b30       0x1a ./Core/Src/Ethernet/wizchip_conf.o
                0x0000000008001b30                wizchip_bus_readdata
 .text.wizchip_bus_writedata
                0x0000000008001b4a       0x1e ./Core/Src/Ethernet/wizchip_conf.o
                0x0000000008001b4a                wizchip_bus_writedata
 .text.wizchip_spi_readbyte
                0x0000000008001b68       0x10 ./Core/Src/Ethernet/wizchip_conf.o
                0x0000000008001b68                wizchip_spi_readbyte
 .text.wizchip_spi_writebyte
                0x0000000008001b78       0x16 ./Core/Src/Ethernet/wizchip_conf.o
                0x0000000008001b78                wizchip_spi_writebyte
 .text.wizchip_spi_readburst
                0x0000000008001b8e       0x18 ./Core/Src/Ethernet/wizchip_conf.o
                0x0000000008001b8e                wizchip_spi_readburst
 .text.wizchip_spi_writeburst
                0x0000000008001ba6       0x18 ./Core/Src/Ethernet/wizchip_conf.o
                0x0000000008001ba6                wizchip_spi_writeburst
 *fill*         0x0000000008001bbe        0x2 
 .text.reg_wizchip_cs_cbfunc
                0x0000000008001bc0       0x4c ./Core/Src/Ethernet/wizchip_conf.o
                0x0000000008001bc0                reg_wizchip_cs_cbfunc
 .text.reg_wizchip_spi_cbfunc
                0x0000000008001c0c       0x58 ./Core/Src/Ethernet/wizchip_conf.o
                0x0000000008001c0c                reg_wizchip_spi_cbfunc
 .text.reg_wizchip_spiburst_cbfunc
                0x0000000008001c64       0x58 ./Core/Src/Ethernet/wizchip_conf.o
                0x0000000008001c64                reg_wizchip_spiburst_cbfunc
 .text.ctlwizchip
                0x0000000008001cbc      0x1c4 ./Core/Src/Ethernet/wizchip_conf.o
                0x0000000008001cbc                ctlwizchip
 .text.wizchip_sw_reset
                0x0000000008001e80       0x98 ./Core/Src/Ethernet/wizchip_conf.o
                0x0000000008001e80                wizchip_sw_reset
 .text.wizchip_init
                0x0000000008001f18      0x118 ./Core/Src/Ethernet/wizchip_conf.o
                0x0000000008001f18                wizchip_init
 .text.wizchip_clrinterrupt
                0x0000000008002030       0x68 ./Core/Src/Ethernet/wizchip_conf.o
                0x0000000008002030                wizchip_clrinterrupt
 .text.wizchip_getinterrupt
                0x0000000008002098       0x4a ./Core/Src/Ethernet/wizchip_conf.o
                0x0000000008002098                wizchip_getinterrupt
 .text.wizchip_setinterruptmask
                0x00000000080020e2       0x36 ./Core/Src/Ethernet/wizchip_conf.o
                0x00000000080020e2                wizchip_setinterruptmask
 .text.wizchip_getinterruptmask
                0x0000000008002118       0x46 ./Core/Src/Ethernet/wizchip_conf.o
                0x0000000008002118                wizchip_getinterruptmask
 .text.wizphy_getphylink
                0x000000000800215e       0x2c ./Core/Src/Ethernet/wizchip_conf.o
                0x000000000800215e                wizphy_getphylink
 .text.wizphy_getphypmode
                0x000000000800218a       0x32 ./Core/Src/Ethernet/wizchip_conf.o
                0x000000000800218a                wizphy_getphypmode
 .text.wizphy_reset
                0x00000000080021bc       0x4e ./Core/Src/Ethernet/wizchip_conf.o
                0x00000000080021bc                wizphy_reset
 .text.wizphy_setphyconf
                0x000000000800220a       0x84 ./Core/Src/Ethernet/wizchip_conf.o
                0x000000000800220a                wizphy_setphyconf
 .text.wizphy_getphyconf
                0x000000000800228e       0xd2 ./Core/Src/Ethernet/wizchip_conf.o
                0x000000000800228e                wizphy_getphyconf
 .text.wizphy_setphypmode
                0x0000000008002360       0x94 ./Core/Src/Ethernet/wizchip_conf.o
                0x0000000008002360                wizphy_setphypmode
 .text.wizchip_setnetinfo
                0x00000000080023f4       0x80 ./Core/Src/Ethernet/wizchip_conf.o
                0x00000000080023f4                wizchip_setnetinfo
 .text.get16    0x0000000008002474       0x30 ./Core/Src/Internet/DNS/dns.o
                0x0000000008002474                get16
 .text.put16    0x00000000080024a4       0x36 ./Core/Src/Internet/DNS/dns.o
                0x00000000080024a4                put16
 .text.parse_name
                0x00000000080024da      0x10e ./Core/Src/Internet/DNS/dns.o
                0x00000000080024da                parse_name
 .text.dns_question
                0x00000000080025e8       0x4a ./Core/Src/Internet/DNS/dns.o
                0x00000000080025e8                dns_question
 *fill*         0x0000000008002632        0x2 
 .text.dns_answer
                0x0000000008002634      0x1f0 ./Core/Src/Internet/DNS/dns.o
                0x0000000008002634                dns_answer
 .text.parseDNSMSG
                0x0000000008002824      0x18e ./Core/Src/Internet/DNS/dns.o
                0x0000000008002824                parseDNSMSG
 *fill*         0x00000000080029b2        0x2 
 .text.dns_makequery
                0x00000000080029b4      0x17c ./Core/Src/Internet/DNS/dns.o
                0x00000000080029b4                dns_makequery
 .text.check_DNS_timeout
                0x0000000008002b30       0x4c ./Core/Src/Internet/DNS/dns.o
                0x0000000008002b30                check_DNS_timeout
 .text.DNS_init
                0x0000000008002b7c       0x38 ./Core/Src/Internet/DNS/dns.o
                0x0000000008002b7c                DNS_init
 .text.DNS_run  0x0000000008002bb4      0x10c ./Core/Src/Internet/DNS/dns.o
                0x0000000008002bb4                DNS_run
 .text.NewMessageData
                0x0000000008002cc0       0x24 ./Core/Src/Internet/MQTT/MQTTClient.o
 .text.getNextPacketId
                0x0000000008002ce4       0x32 ./Core/Src/Internet/MQTT/MQTTClient.o
 .text.sendPacket
                0x0000000008002d16       0x92 ./Core/Src/Internet/MQTT/MQTTClient.o
 .text.MQTTClientInit
                0x0000000008002da8       0x7c ./Core/Src/Internet/MQTT/MQTTClient.o
                0x0000000008002da8                MQTTClientInit
 .text.decodePacket
                0x0000000008002e24       0x88 ./Core/Src/Internet/MQTT/MQTTClient.o
 .text.readPacket
                0x0000000008002eac       0xc8 ./Core/Src/Internet/MQTT/MQTTClient.o
 .text.isTopicMatched
                0x0000000008002f74       0xd2 ./Core/Src/Internet/MQTT/MQTTClient.o
 .text.deliverMessage
                0x0000000008003046       0xd6 ./Core/Src/Internet/MQTT/MQTTClient.o
                0x0000000008003046                deliverMessage
 .text.keepalive
                0x000000000800311c       0x8e ./Core/Src/Internet/MQTT/MQTTClient.o
                0x000000000800311c                keepalive
 *fill*         0x00000000080031aa        0x2 
 .text.cycle    0x00000000080031ac      0x1c8 ./Core/Src/Internet/MQTT/MQTTClient.o
                0x00000000080031ac                cycle
 .text.MQTTYield
                0x0000000008003374       0x4a ./Core/Src/Internet/MQTT/MQTTClient.o
                0x0000000008003374                MQTTYield
 .text.waitfor  0x00000000080033be       0x3e ./Core/Src/Internet/MQTT/MQTTClient.o
                0x00000000080033be                waitfor
 .text.MQTTConnect
                0x00000000080033fc      0x10c ./Core/Src/Internet/MQTT/MQTTClient.o
                0x00000000080033fc                MQTTConnect
 .text.MQTTSubscribe
                0x0000000008003508      0x152 ./Core/Src/Internet/MQTT/MQTTClient.o
                0x0000000008003508                MQTTSubscribe
 .text.MQTTPublish
                0x000000000800365a      0x17e ./Core/Src/Internet/MQTT/MQTTClient.o
                0x000000000800365a                MQTTPublish
 .text.TimerInit
                0x00000000080037d8       0x1a ./Core/Src/Internet/MQTT/mqtt_interface.o
                0x00000000080037d8                TimerInit
 *fill*         0x00000000080037f2        0x2 
 .text.TimerIsExpired
                0x00000000080037f4       0x2c ./Core/Src/Internet/MQTT/mqtt_interface.o
                0x00000000080037f4                TimerIsExpired
 .text.TimerCountdownMS
                0x0000000008003820       0x28 ./Core/Src/Internet/MQTT/mqtt_interface.o
                0x0000000008003820                TimerCountdownMS
 .text.TimerCountdown
                0x0000000008003848       0x30 ./Core/Src/Internet/MQTT/mqtt_interface.o
                0x0000000008003848                TimerCountdown
 .text.TimerLeftMS
                0x0000000008003878       0x2c ./Core/Src/Internet/MQTT/mqtt_interface.o
                0x0000000008003878                TimerLeftMS
 .text.NewNetwork
                0x00000000080038a4       0x3c ./Core/Src/Internet/MQTT/mqtt_interface.o
                0x00000000080038a4                NewNetwork
 .text.w5x00_read
                0x00000000080038e0       0x5a ./Core/Src/Internet/MQTT/mqtt_interface.o
                0x00000000080038e0                w5x00_read
 .text.w5x00_write
                0x000000000800393a       0x48 ./Core/Src/Internet/MQTT/mqtt_interface.o
                0x000000000800393a                w5x00_write
 .text.w5x00_disconnect
                0x0000000008003982       0x1c ./Core/Src/Internet/MQTT/mqtt_interface.o
                0x0000000008003982                w5x00_disconnect
 .text.ConnectNetwork
                0x000000000800399e       0x58 ./Core/Src/Internet/MQTT/mqtt_interface.o
                0x000000000800399e                ConnectNetwork
 .text.MQTTSerialize_connectLength
                0x00000000080039f6       0xc2 ./Core/Src/Internet/MQTT/MQTTPacket/src/MQTTConnectClient.o
                0x00000000080039f6                MQTTSerialize_connectLength
 .text.MQTTSerialize_connect
                0x0000000008003ab8      0x1d8 ./Core/Src/Internet/MQTT/MQTTPacket/src/MQTTConnectClient.o
                0x0000000008003ab8                MQTTSerialize_connect
 .text.MQTTDeserialize_connack
                0x0000000008003c90       0xaa ./Core/Src/Internet/MQTT/MQTTPacket/src/MQTTConnectClient.o
                0x0000000008003c90                MQTTDeserialize_connack
 .text.MQTTSerialize_zero
                0x0000000008003d3a       0x70 ./Core/Src/Internet/MQTT/MQTTPacket/src/MQTTConnectClient.o
                0x0000000008003d3a                MQTTSerialize_zero
 .text.MQTTSerialize_pingreq
                0x0000000008003daa       0x1e ./Core/Src/Internet/MQTT/MQTTPacket/src/MQTTConnectClient.o
                0x0000000008003daa                MQTTSerialize_pingreq
 .text.MQTTDeserialize_publish
                0x0000000008003dc8       0xe4 ./Core/Src/Internet/MQTT/MQTTPacket/src/MQTTDeserializePublish.o
                0x0000000008003dc8                MQTTDeserialize_publish
 .text.MQTTDeserialize_ack
                0x0000000008003eac       0x96 ./Core/Src/Internet/MQTT/MQTTPacket/src/MQTTDeserializePublish.o
                0x0000000008003eac                MQTTDeserialize_ack
 .text.MQTTPacket_encode
                0x0000000008003f42       0x5e ./Core/Src/Internet/MQTT/MQTTPacket/src/MQTTPacket.o
                0x0000000008003f42                MQTTPacket_encode
 .text.MQTTPacket_decode
                0x0000000008003fa0       0x78 ./Core/Src/Internet/MQTT/MQTTPacket/src/MQTTPacket.o
                0x0000000008003fa0                MQTTPacket_decode
 .text.MQTTPacket_len
                0x0000000008004018       0x54 ./Core/Src/Internet/MQTT/MQTTPacket/src/MQTTPacket.o
                0x0000000008004018                MQTTPacket_len
 .text.bufchar  0x000000000800406c       0x40 ./Core/Src/Internet/MQTT/MQTTPacket/src/MQTTPacket.o
                0x000000000800406c                bufchar
 .text.MQTTPacket_decodeBuf
                0x00000000080040ac       0x2c ./Core/Src/Internet/MQTT/MQTTPacket/src/MQTTPacket.o
                0x00000000080040ac                MQTTPacket_decodeBuf
 .text.readInt  0x00000000080040d8       0x36 ./Core/Src/Internet/MQTT/MQTTPacket/src/MQTTPacket.o
                0x00000000080040d8                readInt
 .text.readChar
                0x000000000800410e       0x28 ./Core/Src/Internet/MQTT/MQTTPacket/src/MQTTPacket.o
                0x000000000800410e                readChar
 .text.writeChar
                0x0000000008004136       0x2a ./Core/Src/Internet/MQTT/MQTTPacket/src/MQTTPacket.o
                0x0000000008004136                writeChar
 .text.writeInt
                0x0000000008004160       0x52 ./Core/Src/Internet/MQTT/MQTTPacket/src/MQTTPacket.o
                0x0000000008004160                writeInt
 .text.writeCString
                0x00000000080041b2       0x3e ./Core/Src/Internet/MQTT/MQTTPacket/src/MQTTPacket.o
                0x00000000080041b2                writeCString
 .text.writeMQTTString
                0x00000000080041f0       0x5c ./Core/Src/Internet/MQTT/MQTTPacket/src/MQTTPacket.o
                0x00000000080041f0                writeMQTTString
 .text.readMQTTLenString
                0x000000000800424c       0x62 ./Core/Src/Internet/MQTT/MQTTPacket/src/MQTTPacket.o
                0x000000000800424c                readMQTTLenString
 .text.MQTTstrlen
                0x00000000080042ae       0x32 ./Core/Src/Internet/MQTT/MQTTPacket/src/MQTTPacket.o
                0x00000000080042ae                MQTTstrlen
 .text.MQTTPacket_equals
                0x00000000080042e0       0x6e ./Core/Src/Internet/MQTT/MQTTPacket/src/MQTTPacket.o
                0x00000000080042e0                MQTTPacket_equals
 .text.MQTTSerialize_publishLength
                0x000000000800434e       0x40 ./Core/Src/Internet/MQTT/MQTTPacket/src/MQTTSerializePublish.o
                0x000000000800434e                MQTTSerialize_publishLength
 .text.MQTTSerialize_publish
                0x000000000800438e       0xec ./Core/Src/Internet/MQTT/MQTTPacket/src/MQTTSerializePublish.o
                0x000000000800438e                MQTTSerialize_publish
 .text.MQTTSerialize_ack
                0x000000000800447a       0xaa ./Core/Src/Internet/MQTT/MQTTPacket/src/MQTTSerializePublish.o
                0x000000000800447a                MQTTSerialize_ack
 .text.MQTTSerialize_subscribeLength
                0x0000000008004524       0x4e ./Core/Src/Internet/MQTT/MQTTPacket/src/MQTTSubscribeClient.o
                0x0000000008004524                MQTTSerialize_subscribeLength
 .text.MQTTSerialize_subscribe
                0x0000000008004572       0xf4 ./Core/Src/Internet/MQTT/MQTTPacket/src/MQTTSubscribeClient.o
                0x0000000008004572                MQTTSerialize_subscribe
 .text.MQTTDeserialize_suback
                0x0000000008004666       0xce ./Core/Src/Internet/MQTT/MQTTPacket/src/MQTTSubscribeClient.o
                0x0000000008004666                MQTTDeserialize_suback
 .text.main     0x0000000008004734       0xc8 ./Core/Src/main.o
                0x0000000008004734                main
 .text.SystemClock_Config
                0x00000000080047fc       0xd8 ./Core/Src/main.o
                0x00000000080047fc                SystemClock_Config
 .text.MX_SPI2_Init
                0x00000000080048d4       0x6c ./Core/Src/main.o
 .text.MX_USART2_UART_Init
                0x0000000008004940       0x54 ./Core/Src/main.o
 .text.MX_GPIO_Init
                0x0000000008004994      0x130 ./Core/Src/main.o
 .text.Error_Handler
                0x0000000008004ac4        0xa ./Core/Src/main.o
                0x0000000008004ac4                Error_Handler
 *fill*         0x0000000008004ace        0x2 
 .text.setMQTTBrokerTargetName
                0x0000000008004ad0       0x20 ./Core/Src/mqtt_user.o
                0x0000000008004ad0                setMQTTBrokerTargetName
 .text.setMQTTSubTargetName
                0x0000000008004af0       0x20 ./Core/Src/mqtt_user.o
                0x0000000008004af0                setMQTTSubTargetName
 .text.setMQTTPubTargetName
                0x0000000008004b10       0x20 ./Core/Src/mqtt_user.o
                0x0000000008004b10                setMQTTPubTargetName
 .text.setMQTTPubData
                0x0000000008004b30       0x28 ./Core/Src/mqtt_user.o
                0x0000000008004b30                setMQTTPubData
 .text.MQTTPublishMessage
                0x0000000008004b58       0x24 ./Core/Src/mqtt_user.o
                0x0000000008004b58                MQTTPublishMessage
 .text.MQTTmessageArrived
                0x0000000008004b7c       0x94 ./Core/Src/mqtt_user.o
                0x0000000008004b7c                MQTTmessageArrived
 .text.MQTTInitialze
                0x0000000008004c10      0x128 ./Core/Src/mqtt_user.o
                0x0000000008004c10                MQTTInitialze
 .text.mqttSubscribe
                0x0000000008004d38       0x44 ./Core/Src/mqtt_user.o
                0x0000000008004d38                mqttSubscribe
 .text.mqttYield
                0x0000000008004d7c       0x18 ./Core/Src/mqtt_user.o
                0x0000000008004d7c                mqttYield
 .text.HAL_MspInit
                0x0000000008004d94       0x50 ./Core/Src/stm32f4xx_hal_msp.o
                0x0000000008004d94                HAL_MspInit
 .text.HAL_SPI_MspInit
                0x0000000008004de4       0x90 ./Core/Src/stm32f4xx_hal_msp.o
                0x0000000008004de4                HAL_SPI_MspInit
 .text.HAL_UART_MspInit
                0x0000000008004e74       0x90 ./Core/Src/stm32f4xx_hal_msp.o
                0x0000000008004e74                HAL_UART_MspInit
 .text.NMI_Handler
                0x0000000008004f04        0x6 ./Core/Src/stm32f4xx_it.o
                0x0000000008004f04                NMI_Handler
 .text.HardFault_Handler
                0x0000000008004f0a        0x6 ./Core/Src/stm32f4xx_it.o
                0x0000000008004f0a                HardFault_Handler
 .text.MemManage_Handler
                0x0000000008004f10        0x6 ./Core/Src/stm32f4xx_it.o
                0x0000000008004f10                MemManage_Handler
 .text.BusFault_Handler
                0x0000000008004f16        0x6 ./Core/Src/stm32f4xx_it.o
                0x0000000008004f16                BusFault_Handler
 .text.UsageFault_Handler
                0x0000000008004f1c        0x6 ./Core/Src/stm32f4xx_it.o
                0x0000000008004f1c                UsageFault_Handler
 .text.SVC_Handler
                0x0000000008004f22        0xe ./Core/Src/stm32f4xx_it.o
                0x0000000008004f22                SVC_Handler
 .text.DebugMon_Handler
                0x0000000008004f30        0xe ./Core/Src/stm32f4xx_it.o
                0x0000000008004f30                DebugMon_Handler
 .text.PendSV_Handler
                0x0000000008004f3e        0xe ./Core/Src/stm32f4xx_it.o
                0x0000000008004f3e                PendSV_Handler
 .text.SysTick_Handler
                0x0000000008004f4c        0xc ./Core/Src/stm32f4xx_it.o
                0x0000000008004f4c                SysTick_Handler
 .text._read    0x0000000008004f58       0x3a ./Core/Src/syscalls.o
                0x0000000008004f58                _read
 .text._write   0x0000000008004f92       0x38 ./Core/Src/syscalls.o
                0x0000000008004f92                _write
 .text._close   0x0000000008004fca       0x18 ./Core/Src/syscalls.o
                0x0000000008004fca                _close
 .text._fstat   0x0000000008004fe2       0x20 ./Core/Src/syscalls.o
                0x0000000008004fe2                _fstat
 .text._isatty  0x0000000008005002       0x16 ./Core/Src/syscalls.o
                0x0000000008005002                _isatty
 .text._lseek   0x0000000008005018       0x1a ./Core/Src/syscalls.o
                0x0000000008005018                _lseek
 *fill*         0x0000000008005032        0x2 
 .text._sbrk    0x0000000008005034       0x6c ./Core/Src/sysmem.o
                0x0000000008005034                _sbrk
 .text.SystemInit
                0x00000000080050a0       0x24 ./Core/Src/system_stm32f4xx.o
                0x00000000080050a0                SystemInit
 .text.Get_Wiz_NetInfo
                0x00000000080050c4       0x38 ./Core/Src/w5500_interface.o
                0x00000000080050c4                Get_Wiz_NetInfo
 .text.w5500_interface_setSPIHandle
                0x00000000080050fc       0x30 ./Core/Src/w5500_interface.o
                0x00000000080050fc                w5500_interface_setSPIHandle
 .text.w5500_interface_WriteBuff
                0x000000000800512c       0x28 ./Core/Src/w5500_interface.o
                0x000000000800512c                w5500_interface_WriteBuff
 .text.w5500_interface_ReadBuff
                0x0000000008005154       0x28 ./Core/Src/w5500_interface.o
                0x0000000008005154                w5500_interface_ReadBuff
 .text.w5500_interface_WriteByte
                0x000000000800517c       0x24 ./Core/Src/w5500_interface.o
                0x000000000800517c                w5500_interface_WriteByte
 .text.w5500_interface_ReadByte
                0x00000000080051a0       0x28 ./Core/Src/w5500_interface.o
                0x00000000080051a0                w5500_interface_ReadByte
 .text.w5500_interface_Select
                0x00000000080051c8       0x18 ./Core/Src/w5500_interface.o
                0x00000000080051c8                w5500_interface_Select
 .text.w5500_interface_DeSelect
                0x00000000080051e0       0x18 ./Core/Src/w5500_interface.o
                0x00000000080051e0                w5500_interface_DeSelect
 .text.w5500_interface_SetNetInfo
                0x00000000080051f8       0x24 ./Core/Src/w5500_interface.o
                0x00000000080051f8                w5500_interface_SetNetInfo
 .text.w5500_interface_Initialze
                0x000000000800521c       0x94 ./Core/Src/w5500_interface.o
                0x000000000800521c                w5500_interface_Initialze
 .text.Reset_Handler
                0x00000000080052b0       0x50 ./Core/Startup/startup_stm32f410rbtx.o
                0x00000000080052b0                Reset_Handler
 .text.Default_Handler
                0x0000000008005300        0x2 ./Core/Startup/startup_stm32f410rbtx.o
                0x0000000008005300                RTC_Alarm_IRQHandler
                0x0000000008005300                EXTI2_IRQHandler
                0x0000000008005300                FMPI2C1_EV_IRQHandler
                0x0000000008005300                TIM1_CC_IRQHandler
                0x0000000008005300                DMA2_Stream5_IRQHandler
                0x0000000008005300                DMA1_Stream5_IRQHandler
                0x0000000008005300                PVD_IRQHandler
                0x0000000008005300                TAMP_STAMP_IRQHandler
                0x0000000008005300                EXTI3_IRQHandler
                0x0000000008005300                EXTI0_IRQHandler
                0x0000000008005300                I2C2_EV_IRQHandler
                0x0000000008005300                DMA1_Stream2_IRQHandler
                0x0000000008005300                FPU_IRQHandler
                0x0000000008005300                DMA2_Stream2_IRQHandler
                0x0000000008005300                SPI1_IRQHandler
                0x0000000008005300                TIM6_DAC_IRQHandler
                0x0000000008005300                TIM1_BRK_TIM9_IRQHandler
                0x0000000008005300                DMA2_Stream3_IRQHandler
                0x0000000008005300                USART6_IRQHandler
                0x0000000008005300                DMA2_Stream0_IRQHandler
                0x0000000008005300                I2C1_EV_IRQHandler
                0x0000000008005300                DMA1_Stream6_IRQHandler
                0x0000000008005300                DMA1_Stream1_IRQHandler
                0x0000000008005300                RCC_IRQHandler
                0x0000000008005300                Default_Handler
                0x0000000008005300                EXTI15_10_IRQHandler
                0x0000000008005300                ADC_IRQHandler
                0x0000000008005300                DMA1_Stream7_IRQHandler
                0x0000000008005300                SPI5_IRQHandler
                0x0000000008005300                TIM5_IRQHandler
                0x0000000008005300                DMA2_Stream7_IRQHandler
                0x0000000008005300                EXTI9_5_IRQHandler
                0x0000000008005300                RTC_WKUP_IRQHandler
                0x0000000008005300                SPI2_IRQHandler
                0x0000000008005300                DMA1_Stream0_IRQHandler
                0x0000000008005300                FMPI2C1_ER_IRQHandler
                0x0000000008005300                EXTI4_IRQHandler
                0x0000000008005300                RNG_IRQHandler
                0x0000000008005300                TIM1_UP_IRQHandler
                0x0000000008005300                WWDG_IRQHandler
                0x0000000008005300                TIM1_TRG_COM_TIM11_IRQHandler
                0x0000000008005300                EXTI1_IRQHandler
                0x0000000008005300                USART2_IRQHandler
                0x0000000008005300                I2C2_ER_IRQHandler
                0x0000000008005300                DMA2_Stream1_IRQHandler
                0x0000000008005300                FLASH_IRQHandler
                0x0000000008005300                DMA2_Stream4_IRQHandler
                0x0000000008005300                USART1_IRQHandler
                0x0000000008005300                DMA1_Stream4_IRQHandler
                0x0000000008005300                I2C1_ER_IRQHandler
                0x0000000008005300                LPTIM1_IRQHandler
                0x0000000008005300                DMA2_Stream6_IRQHandler
                0x0000000008005300                DMA1_Stream3_IRQHandler
 *fill*         0x0000000008005302        0x2 
 .text.HAL_Init
                0x0000000008005304       0x44 ./Drivers/STM32F4xx_HAL_Driver/Src/stm32f4xx_hal.o
                0x0000000008005304                HAL_Init
 .text.HAL_InitTick
                0x0000000008005348       0x60 ./Drivers/STM32F4xx_HAL_Driver/Src/stm32f4xx_hal.o
                0x0000000008005348                HAL_InitTick
 .text.HAL_IncTick
                0x00000000080053a8       0x28 ./Drivers/STM32F4xx_HAL_Driver/Src/stm32f4xx_hal.o
                0x00000000080053a8                HAL_IncTick
 .text.HAL_GetTick
                0x00000000080053d0       0x18 ./Drivers/STM32F4xx_HAL_Driver/Src/stm32f4xx_hal.o
                0x00000000080053d0                HAL_GetTick
 .text.HAL_Delay
                0x00000000080053e8       0x48 ./Drivers/STM32F4xx_HAL_Driver/Src/stm32f4xx_hal.o
                0x00000000080053e8                HAL_Delay
 .text.__NVIC_SetPriorityGrouping
                0x0000000008005430       0x48 ./Drivers/STM32F4xx_HAL_Driver/Src/stm32f4xx_hal_cortex.o
 .text.__NVIC_GetPriorityGrouping
                0x0000000008005478       0x1c ./Drivers/STM32F4xx_HAL_Driver/Src/stm32f4xx_hal_cortex.o
 .text.__NVIC_SetPriority
                0x0000000008005494       0x54 ./Drivers/STM32F4xx_HAL_Driver/Src/stm32f4xx_hal_cortex.o
 .text.NVIC_EncodePriority
                0x00000000080054e8       0x66 ./Drivers/STM32F4xx_HAL_Driver/Src/stm32f4xx_hal_cortex.o
 *fill*         0x000000000800554e        0x2 
 .text.SysTick_Config
                0x0000000008005550       0x44 ./Drivers/STM32F4xx_HAL_Driver/Src/stm32f4xx_hal_cortex.o
 .text.HAL_NVIC_SetPriorityGrouping
                0x0000000008005594       0x16 ./Drivers/STM32F4xx_HAL_Driver/Src/stm32f4xx_hal_cortex.o
                0x0000000008005594                HAL_NVIC_SetPriorityGrouping
 .text.HAL_NVIC_SetPriority
                0x00000000080055aa       0x38 ./Drivers/STM32F4xx_HAL_Driver/Src/stm32f4xx_hal_cortex.o
                0x00000000080055aa                HAL_NVIC_SetPriority
 .text.HAL_SYSTICK_Config
                0x00000000080055e2       0x18 ./Drivers/STM32F4xx_HAL_Driver/Src/stm32f4xx_hal_cortex.o
                0x00000000080055e2                HAL_SYSTICK_Config
 *fill*         0x00000000080055fa        0x2 
 .text.HAL_GPIO_Init
                0x00000000080055fc      0x2e8 ./Drivers/STM32F4xx_HAL_Driver/Src/stm32f4xx_hal_gpio.o
                0x00000000080055fc                HAL_GPIO_Init
 .text.HAL_GPIO_WritePin
                0x00000000080058e4       0x32 ./Drivers/STM32F4xx_HAL_Driver/Src/stm32f4xx_hal_gpio.o
                0x00000000080058e4                HAL_GPIO_WritePin
 *fill*         0x0000000008005916        0x2 
 .text.HAL_RCC_ClockConfig
                0x0000000008005918      0x1cc ./Drivers/STM32F4xx_HAL_Driver/Src/stm32f4xx_hal_rcc.o
                0x0000000008005918                HAL_RCC_ClockConfig
 .text.HAL_RCC_GetSysClockFreq
                0x0000000008005ae4      0x20c ./Drivers/STM32F4xx_HAL_Driver/Src/stm32f4xx_hal_rcc.o
                0x0000000008005ae4                HAL_RCC_GetSysClockFreq
 .text.HAL_RCC_GetHCLKFreq
                0x0000000008005cf0       0x18 ./Drivers/STM32F4xx_HAL_Driver/Src/stm32f4xx_hal_rcc.o
                0x0000000008005cf0                HAL_RCC_GetHCLKFreq
 .text.HAL_RCC_GetPCLK1Freq
                0x0000000008005d08       0x28 ./Drivers/STM32F4xx_HAL_Driver/Src/stm32f4xx_hal_rcc.o
                0x0000000008005d08                HAL_RCC_GetPCLK1Freq
 .text.HAL_RCC_GetPCLK2Freq
                0x0000000008005d30       0x28 ./Drivers/STM32F4xx_HAL_Driver/Src/stm32f4xx_hal_rcc.o
                0x0000000008005d30                HAL_RCC_GetPCLK2Freq
 .text.HAL_RCC_OscConfig
                0x0000000008005d58      0x508 ./Drivers/STM32F4xx_HAL_Driver/Src/stm32f4xx_hal_rcc_ex.o
                0x0000000008005d58                HAL_RCC_OscConfig
 .text.HAL_SPI_Init
                0x0000000008006260      0x112 ./Drivers/STM32F4xx_HAL_Driver/Src/stm32f4xx_hal_spi.o
                0x0000000008006260                HAL_SPI_Init
 .text.HAL_SPI_Transmit
                0x0000000008006372      0x278 ./Drivers/STM32F4xx_HAL_Driver/Src/stm32f4xx_hal_spi.o
                0x0000000008006372                HAL_SPI_Transmit
 .text.HAL_SPI_Receive
                0x00000000080065ea      0x222 ./Drivers/STM32F4xx_HAL_Driver/Src/stm32f4xx_hal_spi.o
                0x00000000080065ea                HAL_SPI_Receive
 .text.HAL_SPI_TransmitReceive
                0x000000000800680c      0x344 ./Drivers/STM32F4xx_HAL_Driver/Src/stm32f4xx_hal_spi.o
                0x000000000800680c                HAL_SPI_TransmitReceive
 .text.SPI_WaitFlagStateUntilTimeout
                0x0000000008006b50      0x110 ./Drivers/STM32F4xx_HAL_Driver/Src/stm32f4xx_hal_spi.o
 .text.SPI_EndRxTransaction
                0x0000000008006c60       0xca ./Drivers/STM32F4xx_HAL_Driver/Src/stm32f4xx_hal_spi.o
 *fill*         0x0000000008006d2a        0x2 
 .text.SPI_EndRxTxTransaction
                0x0000000008006d2c       0x84 ./Drivers/STM32F4xx_HAL_Driver/Src/stm32f4xx_hal_spi.o
 .text.HAL_UART_Init
                0x0000000008006db0       0x9a ./Drivers/STM32F4xx_HAL_Driver/Src/stm32f4xx_hal_uart.o
                0x0000000008006db0                HAL_UART_Init
 *fill*         0x0000000008006e4a        0x2 
 .text.UART_SetConfig
                0x0000000008006e4c      0x4e8 ./Drivers/STM32F4xx_HAL_Driver/Src/stm32f4xx_hal_uart.o
 .text.__errno  0x0000000008007334        0xc e:/stm32 cube ide/stm32cubeide_1.10.1/stm32cubeide/plugins/com.st.stm32cube.ide.mcu.externaltools.gnu-tools-for-stm32.10.3-2021.10.win32_1.0.0.202111181127/tools/bin/../lib/gcc/arm-none-eabi/10.3.1/../../../../arm-none-eabi/lib/thumb/v7e-m+fp/hard\libc_nano.a(lib_a-errno.o)
                0x0000000008007334                __errno
 .text.__libc_init_array
                0x0000000008007340       0x48 e:/stm32 cube ide/stm32cubeide_1.10.1/stm32cubeide/plugins/com.st.stm32cube.ide.mcu.externaltools.gnu-tools-for-stm32.10.3-2021.10.win32_1.0.0.202111181127/tools/bin/../lib/gcc/arm-none-eabi/10.3.1/../../../../arm-none-eabi/lib/thumb/v7e-m+fp/hard\libc_nano.a(lib_a-init.o)
                0x0000000008007340                __libc_init_array
 .text.memcpy   0x0000000008007388       0x1c e:/stm32 cube ide/stm32cubeide_1.10.1/stm32cubeide/plugins/com.st.stm32cube.ide.mcu.externaltools.gnu-tools-for-stm32.10.3-2021.10.win32_1.0.0.202111181127/tools/bin/../lib/gcc/arm-none-eabi/10.3.1/../../../../arm-none-eabi/lib/thumb/v7e-m+fp/hard\libc_nano.a(lib_a-memcpy-stub.o)
                0x0000000008007388                memcpy
 .text.memset   0x00000000080073a4       0x10 e:/stm32 cube ide/stm32cubeide_1.10.1/stm32cubeide/plugins/com.st.stm32cube.ide.mcu.externaltools.gnu-tools-for-stm32.10.3-2021.10.win32_1.0.0.202111181127/tools/bin/../lib/gcc/arm-none-eabi/10.3.1/../../../../arm-none-eabi/lib/thumb/v7e-m+fp/hard\libc_nano.a(lib_a-memset.o)
                0x00000000080073a4                memset
 .text._free_r  0x00000000080073b4       0x98 e:/stm32 cube ide/stm32cubeide_1.10.1/stm32cubeide/plugins/com.st.stm32cube.ide.mcu.externaltools.gnu-tools-for-stm32.10.3-2021.10.win32_1.0.0.202111181127/tools/bin/../lib/gcc/arm-none-eabi/10.3.1/../../../../arm-none-eabi/lib/thumb/v7e-m+fp/hard\libc_nano.a(lib_a-nano-freer.o)
                0x00000000080073b4                _free_r
 .text.sbrk_aligned
                0x000000000800744c       0x40 e:/stm32 cube ide/stm32cubeide_1.10.1/stm32cubeide/plugins/com.st.stm32cube.ide.mcu.externaltools.gnu-tools-for-stm32.10.3-2021.10.win32_1.0.0.202111181127/tools/bin/../lib/gcc/arm-none-eabi/10.3.1/../../../../arm-none-eabi/lib/thumb/v7e-m+fp/hard\libc_nano.a(lib_a-nano-mallocr.o)
 .text._malloc_r
                0x000000000800748c       0xe8 e:/stm32 cube ide/stm32cubeide_1.10.1/stm32cubeide/plugins/com.st.stm32cube.ide.mcu.externaltools.gnu-tools-for-stm32.10.3-2021.10.win32_1.0.0.202111181127/tools/bin/../lib/gcc/arm-none-eabi/10.3.1/../../../../arm-none-eabi/lib/thumb/v7e-m+fp/hard\libc_nano.a(lib_a-nano-mallocr.o)
                0x000000000800748c                _malloc_r
 .text.printf   0x0000000008007574       0x30 e:/stm32 cube ide/stm32cubeide_1.10.1/stm32cubeide/plugins/com.st.stm32cube.ide.mcu.externaltools.gnu-tools-for-stm32.10.3-2021.10.win32_1.0.0.202111181127/tools/bin/../lib/gcc/arm-none-eabi/10.3.1/../../../../arm-none-eabi/lib/thumb/v7e-m+fp/hard\libc_nano.a(lib_a-printf.o)
                0x0000000008007574                iprintf
                0x0000000008007574                printf
 .text._puts_r  0x00000000080075a4       0xdc e:/stm32 cube ide/stm32cubeide_1.10.1/stm32cubeide/plugins/com.st.stm32cube.ide.mcu.externaltools.gnu-tools-for-stm32.10.3-2021.10.win32_1.0.0.202111181127/tools/bin/../lib/gcc/arm-none-eabi/10.3.1/../../../../arm-none-eabi/lib/thumb/v7e-m+fp/hard\libc_nano.a(lib_a-puts.o)
                0x00000000080075a4                _puts_r
 .text.puts     0x0000000008007680       0x10 e:/stm32 cube ide/stm32cubeide_1.10.1/stm32cubeide/plugins/com.st.stm32cube.ide.mcu.externaltools.gnu-tools-for-stm32.10.3-2021.10.win32_1.0.0.202111181127/tools/bin/../lib/gcc/arm-none-eabi/10.3.1/../../../../arm-none-eabi/lib/thumb/v7e-m+fp/hard\libc_nano.a(lib_a-puts.o)
                0x0000000008007680                puts
 .text._sbrk_r  0x0000000008007690       0x20 e:/stm32 cube ide/stm32cubeide_1.10.1/stm32cubeide/plugins/com.st.stm32cube.ide.mcu.externaltools.gnu-tools-for-stm32.10.3-2021.10.win32_1.0.0.202111181127/tools/bin/../lib/gcc/arm-none-eabi/10.3.1/../../../../arm-none-eabi/lib/thumb/v7e-m+fp/hard\libc_nano.a(lib_a-sbrkr.o)
                0x0000000008007690                _sbrk_r
 .text.__sread  0x00000000080076b0       0x22 e:/stm32 cube ide/stm32cubeide_1.10.1/stm32cubeide/plugins/com.st.stm32cube.ide.mcu.externaltools.gnu-tools-for-stm32.10.3-2021.10.win32_1.0.0.202111181127/tools/bin/../lib/gcc/arm-none-eabi/10.3.1/../../../../arm-none-eabi/lib/thumb/v7e-m+fp/hard\libc_nano.a(lib_a-stdio.o)
                0x00000000080076b0                __sread
 .text.__swrite
                0x00000000080076d2       0x38 e:/stm32 cube ide/stm32cubeide_1.10.1/stm32cubeide/plugins/com.st.stm32cube.ide.mcu.externaltools.gnu-tools-for-stm32.10.3-2021.10.win32_1.0.0.202111181127/tools/bin/../lib/gcc/arm-none-eabi/10.3.1/../../../../arm-none-eabi/lib/thumb/v7e-m+fp/hard\libc_nano.a(lib_a-stdio.o)
                0x00000000080076d2                __swrite
 .text.__sseek  0x000000000800770a       0x24 e:/stm32 cube ide/stm32cubeide_1.10.1/stm32cubeide/plugins/com.st.stm32cube.ide.mcu.externaltools.gnu-tools-for-stm32.10.3-2021.10.win32_1.0.0.202111181127/tools/bin/../lib/gcc/arm-none-eabi/10.3.1/../../../../arm-none-eabi/lib/thumb/v7e-m+fp/hard\libc_nano.a(lib_a-stdio.o)
                0x000000000800770a                __sseek
 .text.__sclose
                0x000000000800772e        0x8 e:/stm32 cube ide/stm32cubeide_1.10.1/stm32cubeide/plugins/com.st.stm32cube.ide.mcu.externaltools.gnu-tools-for-stm32.10.3-2021.10.win32_1.0.0.202111181127/tools/bin/../lib/gcc/arm-none-eabi/10.3.1/../../../../arm-none-eabi/lib/thumb/v7e-m+fp/hard\libc_nano.a(lib_a-stdio.o)
                0x000000000800772e                __sclose
 .text.strchr   0x0000000008007736       0x1a e:/stm32 cube ide/stm32cubeide_1.10.1/stm32cubeide/plugins/com.st.stm32cube.ide.mcu.externaltools.gnu-tools-for-stm32.10.3-2021.10.win32_1.0.0.202111181127/tools/bin/../lib/gcc/arm-none-eabi/10.3.1/../../../../arm-none-eabi/lib/thumb/v7e-m+fp/hard\libc_nano.a(lib_a-strchr.o)
                0x0000000008007736                strchr
 .text.strcpy   0x0000000008007750       0x10 e:/stm32 cube ide/stm32cubeide_1.10.1/stm32cubeide/plugins/com.st.stm32cube.ide.mcu.externaltools.gnu-tools-for-stm32.10.3-2021.10.win32_1.0.0.202111181127/tools/bin/../lib/gcc/arm-none-eabi/10.3.1/../../../../arm-none-eabi/lib/thumb/v7e-m+fp/hard\libc_nano.a(lib_a-strcpy.o)
                0x0000000008007750                strcpy
 .text.strncmp  0x0000000008007760       0x28 e:/stm32 cube ide/stm32cubeide_1.10.1/stm32cubeide/plugins/com.st.stm32cube.ide.mcu.externaltools.gnu-tools-for-stm32.10.3-2021.10.win32_1.0.0.202111181127/tools/bin/../lib/gcc/arm-none-eabi/10.3.1/../../../../arm-none-eabi/lib/thumb/v7e-m+fp/hard\libc_nano.a(lib_a-strncmp.o)
                0x0000000008007760                strncmp
 .text.strncpy  0x0000000008007788       0x26 e:/stm32 cube ide/stm32cubeide_1.10.1/stm32cubeide/plugins/com.st.stm32cube.ide.mcu.externaltools.gnu-tools-for-stm32.10.3-2021.10.win32_1.0.0.202111181127/tools/bin/../lib/gcc/arm-none-eabi/10.3.1/../../../../arm-none-eabi/lib/thumb/v7e-m+fp/hard\libc_nano.a(lib_a-strncpy.o)
                0x0000000008007788                strncpy
 *fill*         0x00000000080077ae        0x2 
 .text.__swbuf_r
                0x00000000080077b0       0xa4 e:/stm32 cube ide/stm32cubeide_1.10.1/stm32cubeide/plugins/com.st.stm32cube.ide.mcu.externaltools.gnu-tools-for-stm32.10.3-2021.10.win32_1.0.0.202111181127/tools/bin/../lib/gcc/arm-none-eabi/10.3.1/../../../../arm-none-eabi/lib/thumb/v7e-m+fp/hard\libc_nano.a(lib_a-wbuf.o)
                0x00000000080077b0                __swbuf_r
 .text._write_r
                0x0000000008007854       0x24 e:/stm32 cube ide/stm32cubeide_1.10.1/stm32cubeide/plugins/com.st.stm32cube.ide.mcu.externaltools.gnu-tools-for-stm32.10.3-2021.10.win32_1.0.0.202111181127/tools/bin/../lib/gcc/arm-none-eabi/10.3.1/../../../../arm-none-eabi/lib/thumb/v7e-m+fp/hard\libc_nano.a(lib_a-writer.o)
                0x0000000008007854                _write_r
 .text.__swsetup_r
                0x0000000008007878       0xdc e:/stm32 cube ide/stm32cubeide_1.10.1/stm32cubeide/plugins/com.st.stm32cube.ide.mcu.externaltools.gnu-tools-for-stm32.10.3-2021.10.win32_1.0.0.202111181127/tools/bin/../lib/gcc/arm-none-eabi/10.3.1/../../../../arm-none-eabi/lib/thumb/v7e-m+fp/hard\libc_nano.a(lib_a-wsetup.o)
                0x0000000008007878                __swsetup_r
 .text._close_r
                0x0000000008007954       0x20 e:/stm32 cube ide/stm32cubeide_1.10.1/stm32cubeide/plugins/com.st.stm32cube.ide.mcu.externaltools.gnu-tools-for-stm32.10.3-2021.10.win32_1.0.0.202111181127/tools/bin/../lib/gcc/arm-none-eabi/10.3.1/../../../../arm-none-eabi/lib/thumb/v7e-m+fp/hard\libc_nano.a(lib_a-closer.o)
                0x0000000008007954                _close_r
 .text.__sflush_r
                0x0000000008007974      0x10c e:/stm32 cube ide/stm32cubeide_1.10.1/stm32cubeide/plugins/com.st.stm32cube.ide.mcu.externaltools.gnu-tools-for-stm32.10.3-2021.10.win32_1.0.0.202111181127/tools/bin/../lib/gcc/arm-none-eabi/10.3.1/../../../../arm-none-eabi/lib/thumb/v7e-m+fp/hard\libc_nano.a(lib_a-fflush.o)
                0x0000000008007974                __sflush_r
 .text._fflush_r
                0x0000000008007a80       0x78 e:/stm32 cube ide/stm32cubeide_1.10.1/stm32cubeide/plugins/com.st.stm32cube.ide.mcu.externaltools.gnu-tools-for-stm32.10.3-2021.10.win32_1.0.0.202111181127/tools/bin/../lib/gcc/arm-none-eabi/10.3.1/../../../../arm-none-eabi/lib/thumb/v7e-m+fp/hard\libc_nano.a(lib_a-fflush.o)
                0x0000000008007a80                _fflush_r
 .text.std      0x0000000008007af8       0x48 e:/stm32 cube ide/stm32cubeide_1.10.1/stm32cubeide/plugins/com.st.stm32cube.ide.mcu.externaltools.gnu-tools-for-stm32.10.3-2021.10.win32_1.0.0.202111181127/tools/bin/../lib/gcc/arm-none-eabi/10.3.1/../../../../arm-none-eabi/lib/thumb/v7e-m+fp/hard\libc_nano.a(lib_a-findfp.o)
 .text._cleanup_r
                0x0000000008007b40        0xc e:/stm32 cube ide/stm32cubeide_1.10.1/stm32cubeide/plugins/com.st.stm32cube.ide.mcu.externaltools.gnu-tools-for-stm32.10.3-2021.10.win32_1.0.0.202111181127/tools/bin/../lib/gcc/arm-none-eabi/10.3.1/../../../../arm-none-eabi/lib/thumb/v7e-m+fp/hard\libc_nano.a(lib_a-findfp.o)
                0x0000000008007b40                _cleanup_r
 .text.__sfmoreglue
                0x0000000008007b4c       0x2c e:/stm32 cube ide/stm32cubeide_1.10.1/stm32cubeide/plugins/com.st.stm32cube.ide.mcu.externaltools.gnu-tools-for-stm32.10.3-2021.10.win32_1.0.0.202111181127/tools/bin/../lib/gcc/arm-none-eabi/10.3.1/../../../../arm-none-eabi/lib/thumb/v7e-m+fp/hard\libc_nano.a(lib_a-findfp.o)
                0x0000000008007b4c                __sfmoreglue
 .text.__sfp_lock_acquire
                0x0000000008007b78        0xc e:/stm32 cube ide/stm32cubeide_1.10.1/stm32cubeide/plugins/com.st.stm32cube.ide.mcu.externaltools.gnu-tools-for-stm32.10.3-2021.10.win32_1.0.0.202111181127/tools/bin/../lib/gcc/arm-none-eabi/10.3.1/../../../../arm-none-eabi/lib/thumb/v7e-m+fp/hard\libc_nano.a(lib_a-findfp.o)
                0x0000000008007b78                __sfp_lock_acquire
 .text.__sfp_lock_release
                0x0000000008007b84        0xc e:/stm32 cube ide/stm32cubeide_1.10.1/stm32cubeide/plugins/com.st.stm32cube.ide.mcu.externaltools.gnu-tools-for-stm32.10.3-2021.10.win32_1.0.0.202111181127/tools/bin/../lib/gcc/arm-none-eabi/10.3.1/../../../../arm-none-eabi/lib/thumb/v7e-m+fp/hard\libc_nano.a(lib_a-findfp.o)
                0x0000000008007b84                __sfp_lock_release
 .text.__sinit_lock_acquire
                0x0000000008007b90        0xc e:/stm32 cube ide/stm32cubeide_1.10.1/stm32cubeide/plugins/com.st.stm32cube.ide.mcu.externaltools.gnu-tools-for-stm32.10.3-2021.10.win32_1.0.0.202111181127/tools/bin/../lib/gcc/arm-none-eabi/10.3.1/../../../../arm-none-eabi/lib/thumb/v7e-m+fp/hard\libc_nano.a(lib_a-findfp.o)
                0x0000000008007b90                __sinit_lock_acquire
 .text.__sinit_lock_release
                0x0000000008007b9c        0xc e:/stm32 cube ide/stm32cubeide_1.10.1/stm32cubeide/plugins/com.st.stm32cube.ide.mcu.externaltools.gnu-tools-for-stm32.10.3-2021.10.win32_1.0.0.202111181127/tools/bin/../lib/gcc/arm-none-eabi/10.3.1/../../../../arm-none-eabi/lib/thumb/v7e-m+fp/hard\libc_nano.a(lib_a-findfp.o)
                0x0000000008007b9c                __sinit_lock_release
 .text.__sinit  0x0000000008007ba8       0x70 e:/stm32 cube ide/stm32cubeide_1.10.1/stm32cubeide/plugins/com.st.stm32cube.ide.mcu.externaltools.gnu-tools-for-stm32.10.3-2021.10.win32_1.0.0.202111181127/tools/bin/../lib/gcc/arm-none-eabi/10.3.1/../../../../arm-none-eabi/lib/thumb/v7e-m+fp/hard\libc_nano.a(lib_a-findfp.o)
                0x0000000008007ba8                __sinit
 .text.__sfp    0x0000000008007c18       0x8c e:/stm32 cube ide/stm32cubeide_1.10.1/stm32cubeide/plugins/com.st.stm32cube.ide.mcu.externaltools.gnu-tools-for-stm32.10.3-2021.10.win32_1.0.0.202111181127/tools/bin/../lib/gcc/arm-none-eabi/10.3.1/../../../../arm-none-eabi/lib/thumb/v7e-m+fp/hard\libc_nano.a(lib_a-findfp.o)
                0x0000000008007c18                __sfp
 .text._fwalk_reent
                0x0000000008007ca4       0x3e e:/stm32 cube ide/stm32cubeide_1.10.1/stm32cubeide/plugins/com.st.stm32cube.ide.mcu.externaltools.gnu-tools-for-stm32.10.3-2021.10.win32_1.0.0.202111181127/tools/bin/../lib/gcc/arm-none-eabi/10.3.1/../../../../arm-none-eabi/lib/thumb/v7e-m+fp/hard\libc_nano.a(lib_a-fwalk.o)
                0x0000000008007ca4                _fwalk_reent
 .text.__retarget_lock_init_recursive
                0x0000000008007ce2        0x2 e:/stm32 cube ide/stm32cubeide_1.10.1/stm32cubeide/plugins/com.st.stm32cube.ide.mcu.externaltools.gnu-tools-for-stm32.10.3-2021.10.win32_1.0.0.202111181127/tools/bin/../lib/gcc/arm-none-eabi/10.3.1/../../../../arm-none-eabi/lib/thumb/v7e-m+fp/hard\libc_nano.a(lib_a-lock.o)
                0x0000000008007ce2                __retarget_lock_init_recursive
 .text.__retarget_lock_acquire_recursive
                0x0000000008007ce4        0x2 e:/stm32 cube ide/stm32cubeide_1.10.1/stm32cubeide/plugins/com.st.stm32cube.ide.mcu.externaltools.gnu-tools-for-stm32.10.3-2021.10.win32_1.0.0.202111181127/tools/bin/../lib/gcc/arm-none-eabi/10.3.1/../../../../arm-none-eabi/lib/thumb/v7e-m+fp/hard\libc_nano.a(lib_a-lock.o)
                0x0000000008007ce4                __retarget_lock_acquire_recursive
 .text.__retarget_lock_release_recursive
                0x0000000008007ce6        0x2 e:/stm32 cube ide/stm32cubeide_1.10.1/stm32cubeide/plugins/com.st.stm32cube.ide.mcu.externaltools.gnu-tools-for-stm32.10.3-2021.10.win32_1.0.0.202111181127/tools/bin/../lib/gcc/arm-none-eabi/10.3.1/../../../../arm-none-eabi/lib/thumb/v7e-m+fp/hard\libc_nano.a(lib_a-lock.o)
                0x0000000008007ce6                __retarget_lock_release_recursive
 .text._lseek_r
                0x0000000008007ce8       0x24 e:/stm32 cube ide/stm32cubeide_1.10.1/stm32cubeide/plugins/com.st.stm32cube.ide.mcu.externaltools.gnu-tools-for-stm32.10.3-2021.10.win32_1.0.0.202111181127/tools/bin/../lib/gcc/arm-none-eabi/10.3.1/../../../../arm-none-eabi/lib/thumb/v7e-m+fp/hard\libc_nano.a(lib_a-lseekr.o)
                0x0000000008007ce8                _lseek_r
 .text.__swhatbuf_r
                0x0000000008007d0c       0x4a e:/stm32 cube ide/stm32cubeide_1.10.1/stm32cubeide/plugins/com.st.stm32cube.ide.mcu.externaltools.gnu-tools-for-stm32.10.3-2021.10.win32_1.0.0.202111181127/tools/bin/../lib/gcc/arm-none-eabi/10.3.1/../../../../arm-none-eabi/lib/thumb/v7e-m+fp/hard\libc_nano.a(lib_a-makebuf.o)
                0x0000000008007d0c                __swhatbuf_r
 *fill*         0x0000000008007d56        0x2 
 .text.__smakebuf_r
                0x0000000008007d58       0x80 e:/stm32 cube ide/stm32cubeide_1.10.1/stm32cubeide/plugins/com.st.stm32cube.ide.mcu.externaltools.gnu-tools-for-stm32.10.3-2021.10.win32_1.0.0.202111181127/tools/bin/../lib/gcc/arm-none-eabi/10.3.1/../../../../arm-none-eabi/lib/thumb/v7e-m+fp/hard\libc_nano.a(lib_a-makebuf.o)
                0x0000000008007d58                __smakebuf_r
 .text.__malloc_lock
                0x0000000008007dd8        0xc e:/stm32 cube ide/stm32cubeide_1.10.1/stm32cubeide/plugins/com.st.stm32cube.ide.mcu.externaltools.gnu-tools-for-stm32.10.3-2021.10.win32_1.0.0.202111181127/tools/bin/../lib/gcc/arm-none-eabi/10.3.1/../../../../arm-none-eabi/lib/thumb/v7e-m+fp/hard\libc_nano.a(lib_a-mlock.o)
                0x0000000008007dd8                __malloc_lock
 .text.__malloc_unlock
                0x0000000008007de4        0xc e:/stm32 cube ide/stm32cubeide_1.10.1/stm32cubeide/plugins/com.st.stm32cube.ide.mcu.externaltools.gnu-tools-for-stm32.10.3-2021.10.win32_1.0.0.202111181127/tools/bin/../lib/gcc/arm-none-eabi/10.3.1/../../../../arm-none-eabi/lib/thumb/v7e-m+fp/hard\libc_nano.a(lib_a-mlock.o)
                0x0000000008007de4                __malloc_unlock
 .text.__sfputc_r
                0x0000000008007df0       0x2e e:/stm32 cube ide/stm32cubeide_1.10.1/stm32cubeide/plugins/com.st.stm32cube.ide.mcu.externaltools.gnu-tools-for-stm32.10.3-2021.10.win32_1.0.0.202111181127/tools/bin/../lib/gcc/arm-none-eabi/10.3.1/../../../../arm-none-eabi/lib/thumb/v7e-m+fp/hard\libc_nano.a(lib_a-nano-vfprintf.o)
 .text.__sfputs_r
                0x0000000008007e1e       0x24 e:/stm32 cube ide/stm32cubeide_1.10.1/stm32cubeide/plugins/com.st.stm32cube.ide.mcu.externaltools.gnu-tools-for-stm32.10.3-2021.10.win32_1.0.0.202111181127/tools/bin/../lib/gcc/arm-none-eabi/10.3.1/../../../../arm-none-eabi/lib/thumb/v7e-m+fp/hard\libc_nano.a(lib_a-nano-vfprintf.o)
                0x0000000008007e1e                __sfputs_r
 *fill*         0x0000000008007e42        0x2 
 .text._vfprintf_r
                0x0000000008007e44      0x260 e:/stm32 cube ide/stm32cubeide_1.10.1/stm32cubeide/plugins/com.st.stm32cube.ide.mcu.externaltools.gnu-tools-for-stm32.10.3-2021.10.win32_1.0.0.202111181127/tools/bin/../lib/gcc/arm-none-eabi/10.3.1/../../../../arm-none-eabi/lib/thumb/v7e-m+fp/hard\libc_nano.a(lib_a-nano-vfprintf.o)
                0x0000000008007e44                _vfprintf_r
                0x0000000008007e44                _vfiprintf_r
 .text._printf_common
                0x00000000080080a4       0xda e:/stm32 cube ide/stm32cubeide_1.10.1/stm32cubeide/plugins/com.st.stm32cube.ide.mcu.externaltools.gnu-tools-for-stm32.10.3-2021.10.win32_1.0.0.202111181127/tools/bin/../lib/gcc/arm-none-eabi/10.3.1/../../../../arm-none-eabi/lib/thumb/v7e-m+fp/hard\libc_nano.a(lib_a-nano-vfprintf_i.o)
                0x00000000080080a4                _printf_common
 *fill*         0x000000000800817e        0x2 
 .text._printf_i
                0x0000000008008180      0x24c e:/stm32 cube ide/stm32cubeide_1.10.1/stm32cubeide/plugins/com.st.stm32cube.ide.mcu.externaltools.gnu-tools-for-stm32.10.3-2021.10.win32_1.0.0.202111181127/tools/bin/../lib/gcc/arm-none-eabi/10.3.1/../../../../arm-none-eabi/lib/thumb/v7e-m+fp/hard\libc_nano.a(lib_a-nano-vfprintf_i.o)
                0x0000000008008180                _printf_i
 .text._read_r  0x00000000080083cc       0x24 e:/stm32 cube ide/stm32cubeide_1.10.1/stm32cubeide/plugins/com.st.stm32cube.ide.mcu.externaltools.gnu-tools-for-stm32.10.3-2021.10.win32_1.0.0.202111181127/tools/bin/../lib/gcc/arm-none-eabi/10.3.1/../../../../arm-none-eabi/lib/thumb/v7e-m+fp/hard\libc_nano.a(lib_a-readr.o)
                0x00000000080083cc                _read_r
 .text._fstat_r
                0x00000000080083f0       0x24 e:/stm32 cube ide/stm32cubeide_1.10.1/stm32cubeide/plugins/com.st.stm32cube.ide.mcu.externaltools.gnu-tools-for-stm32.10.3-2021.10.win32_1.0.0.202111181127/tools/bin/../lib/gcc/arm-none-eabi/10.3.1/../../../../arm-none-eabi/lib/thumb/v7e-m+fp/hard\libc_nano.a(lib_a-fstatr.o)
                0x00000000080083f0                _fstat_r
 .text._isatty_r
                0x0000000008008414       0x20 e:/stm32 cube ide/stm32cubeide_1.10.1/stm32cubeide/plugins/com.st.stm32cube.ide.mcu.externaltools.gnu-tools-for-stm32.10.3-2021.10.win32_1.0.0.202111181127/tools/bin/../lib/gcc/arm-none-eabi/10.3.1/../../../../arm-none-eabi/lib/thumb/v7e-m+fp/hard\libc_nano.a(lib_a-isattyr.o)
                0x0000000008008414                _isatty_r
 *(.glue_7)
 .glue_7        0x0000000008008434        0x0 linker stubs
 *(.glue_7t)
 .glue_7t       0x0000000008008434        0x0 linker stubs
 *(.eh_frame)
 .eh_frame      0x0000000008008434        0x0 e:/stm32 cube ide/stm32cubeide_1.10.1/stm32cubeide/plugins/com.st.stm32cube.ide.mcu.externaltools.gnu-tools-for-stm32.10.3-2021.10.win32_1.0.0.202111181127/tools/bin/../lib/gcc/arm-none-eabi/10.3.1/thumb/v7e-m+fp/hard/crtbegin.o
 *(.init)
 .init          0x0000000008008434        0x4 e:/stm32 cube ide/stm32cubeide_1.10.1/stm32cubeide/plugins/com.st.stm32cube.ide.mcu.externaltools.gnu-tools-for-stm32.10.3-2021.10.win32_1.0.0.202111181127/tools/bin/../lib/gcc/arm-none-eabi/10.3.1/thumb/v7e-m+fp/hard/crti.o
                0x0000000008008434                _init
 .init          0x0000000008008438        0x8 e:/stm32 cube ide/stm32cubeide_1.10.1/stm32cubeide/plugins/com.st.stm32cube.ide.mcu.externaltools.gnu-tools-for-stm32.10.3-2021.10.win32_1.0.0.202111181127/tools/bin/../lib/gcc/arm-none-eabi/10.3.1/thumb/v7e-m+fp/hard/crtn.o
 *(.fini)
 .fini          0x0000000008008440        0x4 e:/stm32 cube ide/stm32cubeide_1.10.1/stm32cubeide/plugins/com.st.stm32cube.ide.mcu.externaltools.gnu-tools-for-stm32.10.3-2021.10.win32_1.0.0.202111181127/tools/bin/../lib/gcc/arm-none-eabi/10.3.1/thumb/v7e-m+fp/hard/crti.o
                0x0000000008008440                _fini
 .fini          0x0000000008008444        0x8 e:/stm32 cube ide/stm32cubeide_1.10.1/stm32cubeide/plugins/com.st.stm32cube.ide.mcu.externaltools.gnu-tools-for-stm32.10.3-2021.10.win32_1.0.0.202111181127/tools/bin/../lib/gcc/arm-none-eabi/10.3.1/thumb/v7e-m+fp/hard/crtn.o
                0x000000000800844c                . = ALIGN (0x4)
                0x000000000800844c                _etext = .

.vfp11_veneer   0x000000000800844c        0x0
 .vfp11_veneer  0x000000000800844c        0x0 linker stubs

.v4_bx          0x000000000800844c        0x0
 .v4_bx         0x000000000800844c        0x0 linker stubs

.iplt           0x000000000800844c        0x0
 .iplt          0x000000000800844c        0x0 e:/stm32 cube ide/stm32cubeide_1.10.1/stm32cubeide/plugins/com.st.stm32cube.ide.mcu.externaltools.gnu-tools-for-stm32.10.3-2021.10.win32_1.0.0.202111181127/tools/bin/../lib/gcc/arm-none-eabi/10.3.1/thumb/v7e-m+fp/hard/crtbegin.o

.rodata         0x000000000800844c      0x268
                0x000000000800844c                . = ALIGN (0x4)
 *(.rodata)
 .rodata        0x000000000800844c       0x58 ./Core/Src/Internet/MQTT/MQTTClient.o
 .rodata        0x00000000080084a4        0xf ./Core/Src/Internet/MQTT/MQTTPacket/src/MQTTConnectClient.o
 *fill*         0x00000000080084b3        0x1 
 .rodata        0x00000000080084b4       0x4a ./Core/Src/main.o
 *fill*         0x00000000080084fe        0x2 
 .rodata        0x0000000008008500       0xbc ./Core/Src/mqtt_user.o
 .rodata        0x00000000080085bc       0x48 ./Core/Src/w5500_interface.o
 *(.rodata*)
 .rodata.AHBPrescTable
                0x0000000008008604       0x10 ./Core/Src/system_stm32f4xx.o
                0x0000000008008604                AHBPrescTable
 .rodata.APBPrescTable
                0x0000000008008614        0x8 ./Core/Src/system_stm32f4xx.o
                0x0000000008008614                APBPrescTable
 .rodata._global_impure_ptr
                0x000000000800861c        0x4 e:/stm32 cube ide/stm32cubeide_1.10.1/stm32cubeide/plugins/com.st.stm32cube.ide.mcu.externaltools.gnu-tools-for-stm32.10.3-2021.10.win32_1.0.0.202111181127/tools/bin/../lib/gcc/arm-none-eabi/10.3.1/../../../../arm-none-eabi/lib/thumb/v7e-m+fp/hard\libc_nano.a(lib_a-impure.o)
                0x000000000800861c                _global_impure_ptr
 .rodata.__sf_fake_stderr
                0x0000000008008620       0x20 e:/stm32 cube ide/stm32cubeide_1.10.1/stm32cubeide/plugins/com.st.stm32cube.ide.mcu.externaltools.gnu-tools-for-stm32.10.3-2021.10.win32_1.0.0.202111181127/tools/bin/../lib/gcc/arm-none-eabi/10.3.1/../../../../arm-none-eabi/lib/thumb/v7e-m+fp/hard\libc_nano.a(lib_a-findfp.o)
                0x0000000008008620                __sf_fake_stderr
 .rodata.__sf_fake_stdin
                0x0000000008008640       0x20 e:/stm32 cube ide/stm32cubeide_1.10.1/stm32cubeide/plugins/com.st.stm32cube.ide.mcu.externaltools.gnu-tools-for-stm32.10.3-2021.10.win32_1.0.0.202111181127/tools/bin/../lib/gcc/arm-none-eabi/10.3.1/../../../../arm-none-eabi/lib/thumb/v7e-m+fp/hard\libc_nano.a(lib_a-findfp.o)
                0x0000000008008640                __sf_fake_stdin
 .rodata.__sf_fake_stdout
                0x0000000008008660       0x20 e:/stm32 cube ide/stm32cubeide_1.10.1/stm32cubeide/plugins/com.st.stm32cube.ide.mcu.externaltools.gnu-tools-for-stm32.10.3-2021.10.win32_1.0.0.202111181127/tools/bin/../lib/gcc/arm-none-eabi/10.3.1/../../../../arm-none-eabi/lib/thumb/v7e-m+fp/hard\libc_nano.a(lib_a-findfp.o)
                0x0000000008008660                __sf_fake_stdout
 .rodata._vfprintf_r.str1.1
                0x0000000008008680       0x11 e:/stm32 cube ide/stm32cubeide_1.10.1/stm32cubeide/plugins/com.st.stm32cube.ide.mcu.externaltools.gnu-tools-for-stm32.10.3-2021.10.win32_1.0.0.202111181127/tools/bin/../lib/gcc/arm-none-eabi/10.3.1/../../../../arm-none-eabi/lib/thumb/v7e-m+fp/hard\libc_nano.a(lib_a-nano-vfprintf.o)
 .rodata._printf_i.str1.1
                0x0000000008008691       0x22 e:/stm32 cube ide/stm32cubeide_1.10.1/stm32cubeide/plugins/com.st.stm32cube.ide.mcu.externaltools.gnu-tools-for-stm32.10.3-2021.10.win32_1.0.0.202111181127/tools/bin/../lib/gcc/arm-none-eabi/10.3.1/../../../../arm-none-eabi/lib/thumb/v7e-m+fp/hard\libc_nano.a(lib_a-nano-vfprintf_i.o)
                0x00000000080086b4                . = ALIGN (0x4)
 *fill*         0x00000000080086b3        0x1 

.ARM.extab      0x00000000080086b4        0x0
                0x00000000080086b4                . = ALIGN (0x4)
 *(.ARM.extab* .gnu.linkonce.armextab.*)
                0x00000000080086b4                . = ALIGN (0x4)

.ARM            0x00000000080086b4        0x8
                0x00000000080086b4                . = ALIGN (0x4)
                0x00000000080086b4                __exidx_start = .
 *(.ARM.exidx*)
 .ARM.exidx     0x00000000080086b4        0x8 e:/stm32 cube ide/stm32cubeide_1.10.1/stm32cubeide/plugins/com.st.stm32cube.ide.mcu.externaltools.gnu-tools-for-stm32.10.3-2021.10.win32_1.0.0.202111181127/tools/bin/../lib/gcc/arm-none-eabi/10.3.1/thumb/v7e-m+fp/hard\libgcc.a(_udivmoddi4.o)
                0x00000000080086bc                __exidx_end = .
                0x00000000080086bc                . = ALIGN (0x4)

.rel.dyn        0x00000000080086bc        0x0
 .rel.iplt      0x00000000080086bc        0x0 e:/stm32 cube ide/stm32cubeide_1.10.1/stm32cubeide/plugins/com.st.stm32cube.ide.mcu.externaltools.gnu-tools-for-stm32.10.3-2021.10.win32_1.0.0.202111181127/tools/bin/../lib/gcc/arm-none-eabi/10.3.1/thumb/v7e-m+fp/hard/crtbegin.o

.preinit_array  0x00000000080086bc        0x0
                0x00000000080086bc                . = ALIGN (0x4)
                0x00000000080086bc                PROVIDE (__preinit_array_start = .)
 *(.preinit_array*)
                0x00000000080086bc                PROVIDE (__preinit_array_end = .)
                0x00000000080086bc                . = ALIGN (0x4)

.init_array     0x00000000080086bc        0x4
                0x00000000080086bc                . = ALIGN (0x4)
                0x00000000080086bc                PROVIDE (__init_array_start = .)
 *(SORT_BY_NAME(.init_array.*))
 *(.init_array*)
 .init_array    0x00000000080086bc        0x4 e:/stm32 cube ide/stm32cubeide_1.10.1/stm32cubeide/plugins/com.st.stm32cube.ide.mcu.externaltools.gnu-tools-for-stm32.10.3-2021.10.win32_1.0.0.202111181127/tools/bin/../lib/gcc/arm-none-eabi/10.3.1/thumb/v7e-m+fp/hard/crtbegin.o
                0x00000000080086c0                PROVIDE (__init_array_end = .)
                0x00000000080086c0                . = ALIGN (0x4)

.fini_array     0x00000000080086c0        0x4
                0x00000000080086c0                . = ALIGN (0x4)
                [!provide]                        PROVIDE (__fini_array_start = .)
 *(SORT_BY_NAME(.fini_array.*))
 *(.fini_array*)
 .fini_array    0x00000000080086c0        0x4 e:/stm32 cube ide/stm32cubeide_1.10.1/stm32cubeide/plugins/com.st.stm32cube.ide.mcu.externaltools.gnu-tools-for-stm32.10.3-2021.10.win32_1.0.0.202111181127/tools/bin/../lib/gcc/arm-none-eabi/10.3.1/thumb/v7e-m+fp/hard/crtbegin.o
                [!provide]                        PROVIDE (__fini_array_end = .)
                0x00000000080086c4                . = ALIGN (0x4)
                0x00000000080086c4                _sidata = LOADADDR (.data)

.data           0x0000000020000000       0xec load address 0x00000000080086c4
                0x0000000020000000                . = ALIGN (0x4)
                0x0000000020000000                _sdata = .
 *(.data)
 *(.data*)
 .data.sock_any_port
                0x0000000020000000        0x2 ./Core/Src/Ethernet/socket.o
 *fill*         0x0000000020000002        0x2 
 .data.WIZCHIP  0x0000000020000004       0x2c ./Core/Src/Ethernet/wizchip_conf.o
                0x0000000020000004                WIZCHIP
 .data.targetIP_local
                0x0000000020000030        0x4 ./Core/Src/mqtt_user.o
                0x0000000020000030                targetIP_local
 .data.targetPort
                0x0000000020000034        0x4 ./Core/Src/mqtt_user.o
                0x0000000020000034                targetPort
 .data.opts     0x0000000020000038       0x24 ./Core/Src/mqtt_user.o
                0x0000000020000038                opts
 .data.SystemCoreClock
                0x000000002000005c        0x4 ./Core/Src/system_stm32f4xx.o
                0x000000002000005c                SystemCoreClock
 .data.mac_address
                0x0000000020000060        0x6 ./Core/Src/w5500_interface.o
                0x0000000020000060                mac_address
 *fill*         0x0000000020000066        0x2 
 .data.gWIZNETINFO
                0x0000000020000068       0x17 ./Core/Src/w5500_interface.o
                0x0000000020000068                gWIZNETINFO
 *fill*         0x000000002000007f        0x1 
 .data.uwTickPrio
                0x0000000020000080        0x4 ./Drivers/STM32F4xx_HAL_Driver/Src/stm32f4xx_hal.o
                0x0000000020000080                uwTickPrio
 .data.uwTickFreq
                0x0000000020000084        0x1 ./Drivers/STM32F4xx_HAL_Driver/Src/stm32f4xx_hal.o
                0x0000000020000084                uwTickFreq
 *fill*         0x0000000020000085        0x3 
 .data._impure_ptr
                0x0000000020000088        0x4 e:/stm32 cube ide/stm32cubeide_1.10.1/stm32cubeide/plugins/com.st.stm32cube.ide.mcu.externaltools.gnu-tools-for-stm32.10.3-2021.10.win32_1.0.0.202111181127/tools/bin/../lib/gcc/arm-none-eabi/10.3.1/../../../../arm-none-eabi/lib/thumb/v7e-m+fp/hard\libc_nano.a(lib_a-impure.o)
                0x0000000020000088                _impure_ptr
 .data.impure_data
                0x000000002000008c       0x60 e:/stm32 cube ide/stm32cubeide_1.10.1/stm32cubeide/plugins/com.st.stm32cube.ide.mcu.externaltools.gnu-tools-for-stm32.10.3-2021.10.win32_1.0.0.202111181127/tools/bin/../lib/gcc/arm-none-eabi/10.3.1/../../../../arm-none-eabi/lib/thumb/v7e-m+fp/hard\libc_nano.a(lib_a-impure.o)
 *(.RamFunc)
 *(.RamFunc*)
                0x00000000200000ec                . = ALIGN (0x4)
                0x00000000200000ec                _edata = .

.igot.plt       0x00000000200000ec        0x0 load address 0x00000000080087b0
 .igot.plt      0x00000000200000ec        0x0 e:/stm32 cube ide/stm32cubeide_1.10.1/stm32cubeide/plugins/com.st.stm32cube.ide.mcu.externaltools.gnu-tools-for-stm32.10.3-2021.10.win32_1.0.0.202111181127/tools/bin/../lib/gcc/arm-none-eabi/10.3.1/thumb/v7e-m+fp/hard/crtbegin.o
                0x00000000200000ec                . = ALIGN (0x4)

.bss            0x00000000200000ec     0x1270 load address 0x00000000080087b0
                0x00000000200000ec                _sbss = .
                0x00000000200000ec                __bss_start__ = _sbss
 *(.bss)
 .bss           0x00000000200000ec       0x1c e:/stm32 cube ide/stm32cubeide_1.10.1/stm32cubeide/plugins/com.st.stm32cube.ide.mcu.externaltools.gnu-tools-for-stm32.10.3-2021.10.win32_1.0.0.202111181127/tools/bin/../lib/gcc/arm-none-eabi/10.3.1/thumb/v7e-m+fp/hard/crtbegin.o
 *(.bss*)
 .bss.sock_io_mode
                0x0000000020000108        0x2 ./Core/Src/Ethernet/socket.o
 .bss.sock_is_sending
                0x000000002000010a        0x2 ./Core/Src/Ethernet/socket.o
 .bss.sock_remained_size
                0x000000002000010c       0x10 ./Core/Src/Ethernet/socket.o
 .bss.sock_pack_info
                0x000000002000011c        0x8 ./Core/Src/Ethernet/socket.o
                0x000000002000011c                sock_pack_info
 .bss._DNS_     0x0000000020000124        0x4 ./Core/Src/Ethernet/wizchip_conf.o
 .bss._DHCP_    0x0000000020000128        0x1 ./Core/Src/Ethernet/wizchip_conf.o
 *fill*         0x0000000020000129        0x3 
 .bss.pDNSMSG   0x000000002000012c        0x4 ./Core/Src/Internet/DNS/dns.o
                0x000000002000012c                pDNSMSG
 .bss.DNS_SOCKET
                0x0000000020000130        0x1 ./Core/Src/Internet/DNS/dns.o
                0x0000000020000130                DNS_SOCKET
 *fill*         0x0000000020000131        0x1 
 .bss.DNS_MSGID
                0x0000000020000132        0x2 ./Core/Src/Internet/DNS/dns.o
                0x0000000020000132                DNS_MSGID
 .bss.dns_1s_tick
                0x0000000020000134        0x4 ./Core/Src/Internet/DNS/dns.o
                0x0000000020000134                dns_1s_tick
 .bss.retry_count
                0x0000000020000138        0x1 ./Core/Src/Internet/DNS/dns.o
 *fill*         0x0000000020000139        0x3 
 .bss.MilliTimer
                0x000000002000013c        0x4 ./Core/Src/Internet/MQTT/mqtt_interface.o
                0x000000002000013c                MilliTimer
 .bss.bufptr    0x0000000020000140        0x4 ./Core/Src/Internet/MQTT/MQTTPacket/src/MQTTPacket.o
 .bss.hspi2     0x0000000020000144       0x58 ./Core/Src/main.o
                0x0000000020000144                hspi2
 .bss.huart2    0x000000002000019c       0x44 ./Core/Src/main.o
                0x000000002000019c                huart2
 .bss.targetIP  0x00000000200001e0        0x4 ./Core/Src/mqtt_user.o
                0x00000000200001e0                targetIP
 .bss.BrokerTargetName
                0x00000000200001e4        0x4 ./Core/Src/mqtt_user.o
                0x00000000200001e4                BrokerTargetName
 .bss.SubTargetName
                0x00000000200001e8        0x4 ./Core/Src/mqtt_user.o
                0x00000000200001e8                SubTargetName
 .bss.PubTargetName
                0x00000000200001ec        0x4 ./Core/Src/mqtt_user.o
                0x00000000200001ec                PubTargetName
 .bss.messagePub
                0x00000000200001f0       0x10 ./Core/Src/mqtt_user.o
                0x00000000200001f0                messagePub
 .bss.mqtt_network
                0x0000000020000200       0x10 ./Core/Src/mqtt_user.o
                0x0000000020000200                mqtt_network
 .bss.mqtt_client
                0x0000000020000210       0x5c ./Core/Src/mqtt_user.o
                0x0000000020000210                mqtt_client
 .bss.WIZNETINFO
                0x000000002000026c       0x17 ./Core/Src/mqtt_user.o
                0x000000002000026c                WIZNETINFO
 *fill*         0x0000000020000283        0x1 
 .bss.buf       0x0000000020000284       0x64 ./Core/Src/mqtt_user.o
                0x0000000020000284                buf
 .bss.rc        0x00000000200002e8        0x4 ./Core/Src/mqtt_user.o
                0x00000000200002e8                rc
 .bss.tempBuffer_DNS
                0x00000000200002ec      0x800 ./Core/Src/mqtt_user.o
                0x00000000200002ec                tempBuffer_DNS
 .bss.tempBuffer
                0x0000000020000aec      0x800 ./Core/Src/mqtt_user.o
                0x0000000020000aec                tempBuffer
 .bss.__sbrk_heap_end
                0x00000000200012ec        0x4 ./Core/Src/sysmem.o
 .bss.handle_spi
                0x00000000200012f0       0x58 ./Core/Src/w5500_interface.o
                0x00000000200012f0                handle_spi
 .bss.uwTick    0x0000000020001348        0x4 ./Drivers/STM32F4xx_HAL_Driver/Src/stm32f4xx_hal.o
                0x0000000020001348                uwTick
 .bss.__malloc_free_list
                0x000000002000134c        0x4 e:/stm32 cube ide/stm32cubeide_1.10.1/stm32cubeide/plugins/com.st.stm32cube.ide.mcu.externaltools.gnu-tools-for-stm32.10.3-2021.10.win32_1.0.0.202111181127/tools/bin/../lib/gcc/arm-none-eabi/10.3.1/../../../../arm-none-eabi/lib/thumb/v7e-m+fp/hard\libc_nano.a(lib_a-nano-mallocr.o)
                0x000000002000134c                __malloc_free_list
 .bss.__malloc_sbrk_start
                0x0000000020001350        0x4 e:/stm32 cube ide/stm32cubeide_1.10.1/stm32cubeide/plugins/com.st.stm32cube.ide.mcu.externaltools.gnu-tools-for-stm32.10.3-2021.10.win32_1.0.0.202111181127/tools/bin/../lib/gcc/arm-none-eabi/10.3.1/../../../../arm-none-eabi/lib/thumb/v7e-m+fp/hard\libc_nano.a(lib_a-nano-mallocr.o)
                0x0000000020001350                __malloc_sbrk_start
 .bss.__lock___malloc_recursive_mutex
                0x0000000020001354        0x1 e:/stm32 cube ide/stm32cubeide_1.10.1/stm32cubeide/plugins/com.st.stm32cube.ide.mcu.externaltools.gnu-tools-for-stm32.10.3-2021.10.win32_1.0.0.202111181127/tools/bin/../lib/gcc/arm-none-eabi/10.3.1/../../../../arm-none-eabi/lib/thumb/v7e-m+fp/hard\libc_nano.a(lib_a-lock.o)
                0x0000000020001354                __lock___malloc_recursive_mutex
 .bss.__lock___sfp_recursive_mutex
                0x0000000020001355        0x1 e:/stm32 cube ide/stm32cubeide_1.10.1/stm32cubeide/plugins/com.st.stm32cube.ide.mcu.externaltools.gnu-tools-for-stm32.10.3-2021.10.win32_1.0.0.202111181127/tools/bin/../lib/gcc/arm-none-eabi/10.3.1/../../../../arm-none-eabi/lib/thumb/v7e-m+fp/hard\libc_nano.a(lib_a-lock.o)
                0x0000000020001355                __lock___sfp_recursive_mutex
 .bss.__lock___sinit_recursive_mutex
                0x0000000020001356        0x1 e:/stm32 cube ide/stm32cubeide_1.10.1/stm32cubeide/plugins/com.st.stm32cube.ide.mcu.externaltools.gnu-tools-for-stm32.10.3-2021.10.win32_1.0.0.202111181127/tools/bin/../lib/gcc/arm-none-eabi/10.3.1/../../../../arm-none-eabi/lib/thumb/v7e-m+fp/hard\libc_nano.a(lib_a-lock.o)
                0x0000000020001356                __lock___sinit_recursive_mutex
 *fill*         0x0000000020001357        0x1 
 .bss.errno     0x0000000020001358        0x4 e:/stm32 cube ide/stm32cubeide_1.10.1/stm32cubeide/plugins/com.st.stm32cube.ide.mcu.externaltools.gnu-tools-for-stm32.10.3-2021.10.win32_1.0.0.202111181127/tools/bin/../lib/gcc/arm-none-eabi/10.3.1/../../../../arm-none-eabi/lib/thumb/v7e-m+fp/hard\libc_nano.a(lib_a-reent.o)
                0x0000000020001358                errno
 *(COMMON)
                0x000000002000135c                . = ALIGN (0x4)
                0x000000002000135c                _ebss = .
                0x000000002000135c                __bss_end__ = _ebss

._user_heap_stack
                0x000000002000135c      0x604 load address 0x00000000080087b0
                0x0000000020001360                . = ALIGN (0x8)
 *fill*         0x000000002000135c        0x4 
                [!provide]                        PROVIDE (end = .)
                0x0000000020001360                PROVIDE (_end = .)
                0x0000000020001560                . = (. + _Min_Heap_Size)
 *fill*         0x0000000020001360      0x200 
                0x0000000020001960                . = (. + _Min_Stack_Size)
 *fill*         0x0000000020001560      0x400 
                0x0000000020001960                . = ALIGN (0x8)

/DISCARD/
 libc.a(*)
 libm.a(*)
 libgcc.a(*)

.ARM.attributes
                0x0000000000000000       0x30
 *(.ARM.attributes)
 .ARM.attributes
                0x0000000000000000       0x1e e:/stm32 cube ide/stm32cubeide_1.10.1/stm32cubeide/plugins/com.st.stm32cube.ide.mcu.externaltools.gnu-tools-for-stm32.10.3-2021.10.win32_1.0.0.202111181127/tools/bin/../lib/gcc/arm-none-eabi/10.3.1/thumb/v7e-m+fp/hard/crti.o
 .ARM.attributes
                0x000000000000001e       0x34 e:/stm32 cube ide/stm32cubeide_1.10.1/stm32cubeide/plugins/com.st.stm32cube.ide.mcu.externaltools.gnu-tools-for-stm32.10.3-2021.10.win32_1.0.0.202111181127/tools/bin/../lib/gcc/arm-none-eabi/10.3.1/thumb/v7e-m+fp/hard/crtbegin.o
 .ARM.attributes
                0x0000000000000052       0x34 ./Core/Src/Ethernet/W5500/w5500.o
 .ARM.attributes
                0x0000000000000086       0x34 ./Core/Src/Ethernet/socket.o
 .ARM.attributes
                0x00000000000000ba       0x34 ./Core/Src/Ethernet/wizchip_conf.o
 .ARM.attributes
                0x00000000000000ee       0x34 ./Core/Src/Internet/DNS/dns.o
 .ARM.attributes
                0x0000000000000122       0x34 ./Core/Src/Internet/MQTT/MQTTClient.o
 .ARM.attributes
                0x0000000000000156       0x34 ./Core/Src/Internet/MQTT/mqtt_interface.o
 .ARM.attributes
                0x000000000000018a       0x34 ./Core/Src/Internet/MQTT/MQTTPacket/src/MQTTConnectClient.o
 .ARM.attributes
                0x00000000000001be       0x34 ./Core/Src/Internet/MQTT/MQTTPacket/src/MQTTDeserializePublish.o
 .ARM.attributes
                0x00000000000001f2       0x34 ./Core/Src/Internet/MQTT/MQTTPacket/src/MQTTPacket.o
 .ARM.attributes
                0x0000000000000226       0x34 ./Core/Src/Internet/MQTT/MQTTPacket/src/MQTTSerializePublish.o
 .ARM.attributes
                0x000000000000025a       0x34 ./Core/Src/Internet/MQTT/MQTTPacket/src/MQTTSubscribeClient.o
 .ARM.attributes
                0x000000000000028e       0x34 ./Core/Src/main.o
 .ARM.attributes
                0x00000000000002c2       0x34 ./Core/Src/mqtt_user.o
 .ARM.attributes
                0x00000000000002f6       0x34 ./Core/Src/stm32f4xx_hal_msp.o
 .ARM.attributes
                0x000000000000032a       0x34 ./Core/Src/stm32f4xx_it.o
 .ARM.attributes
                0x000000000000035e       0x34 ./Core/Src/syscalls.o
 .ARM.attributes
                0x0000000000000392       0x34 ./Core/Src/sysmem.o
 .ARM.attributes
                0x00000000000003c6       0x34 ./Core/Src/system_stm32f4xx.o
 .ARM.attributes
                0x00000000000003fa       0x34 ./Core/Src/w5500_interface.o
 .ARM.attributes
                0x000000000000042e       0x21 ./Core/Startup/startup_stm32f410rbtx.o
 .ARM.attributes
                0x000000000000044f       0x34 ./Drivers/STM32F4xx_HAL_Driver/Src/stm32f4xx_hal.o
 .ARM.attributes
                0x0000000000000483       0x34 ./Drivers/STM32F4xx_HAL_Driver/Src/stm32f4xx_hal_cortex.o
 .ARM.attributes
                0x00000000000004b7       0x34 ./Drivers/STM32F4xx_HAL_Driver/Src/stm32f4xx_hal_gpio.o
 .ARM.attributes
                0x00000000000004eb       0x34 ./Drivers/STM32F4xx_HAL_Driver/Src/stm32f4xx_hal_rcc.o
 .ARM.attributes
                0x000000000000051f       0x34 ./Drivers/STM32F4xx_HAL_Driver/Src/stm32f4xx_hal_rcc_ex.o
 .ARM.attributes
                0x0000000000000553       0x34 ./Drivers/STM32F4xx_HAL_Driver/Src/stm32f4xx_hal_spi.o
 .ARM.attributes
                0x0000000000000587       0x34 ./Drivers/STM32F4xx_HAL_Driver/Src/stm32f4xx_hal_uart.o
 .ARM.attributes
                0x00000000000005bb       0x34 e:/stm32 cube ide/stm32cubeide_1.10.1/stm32cubeide/plugins/com.st.stm32cube.ide.mcu.externaltools.gnu-tools-for-stm32.10.3-2021.10.win32_1.0.0.202111181127/tools/bin/../lib/gcc/arm-none-eabi/10.3.1/../../../../arm-none-eabi/lib/thumb/v7e-m+fp/hard\libc_nano.a(lib_a-errno.o)
 .ARM.attributes
                0x00000000000005ef       0x34 e:/stm32 cube ide/stm32cubeide_1.10.1/stm32cubeide/plugins/com.st.stm32cube.ide.mcu.externaltools.gnu-tools-for-stm32.10.3-2021.10.win32_1.0.0.202111181127/tools/bin/../lib/gcc/arm-none-eabi/10.3.1/../../../../arm-none-eabi/lib/thumb/v7e-m+fp/hard\libc_nano.a(lib_a-impure.o)
 .ARM.attributes
                0x0000000000000623       0x34 e:/stm32 cube ide/stm32cubeide_1.10.1/stm32cubeide/plugins/com.st.stm32cube.ide.mcu.externaltools.gnu-tools-for-stm32.10.3-2021.10.win32_1.0.0.202111181127/tools/bin/../lib/gcc/arm-none-eabi/10.3.1/../../../../arm-none-eabi/lib/thumb/v7e-m+fp/hard\libc_nano.a(lib_a-init.o)
 .ARM.attributes
                0x0000000000000657       0x34 e:/stm32 cube ide/stm32cubeide_1.10.1/stm32cubeide/plugins/com.st.stm32cube.ide.mcu.externaltools.gnu-tools-for-stm32.10.3-2021.10.win32_1.0.0.202111181127/tools/bin/../lib/gcc/arm-none-eabi/10.3.1/../../../../arm-none-eabi/lib/thumb/v7e-m+fp/hard\libc_nano.a(lib_a-memcpy-stub.o)
 .ARM.attributes
                0x000000000000068b       0x34 e:/stm32 cube ide/stm32cubeide_1.10.1/stm32cubeide/plugins/com.st.stm32cube.ide.mcu.externaltools.gnu-tools-for-stm32.10.3-2021.10.win32_1.0.0.202111181127/tools/bin/../lib/gcc/arm-none-eabi/10.3.1/../../../../arm-none-eabi/lib/thumb/v7e-m+fp/hard\libc_nano.a(lib_a-memset.o)
 .ARM.attributes
                0x00000000000006bf       0x34 e:/stm32 cube ide/stm32cubeide_1.10.1/stm32cubeide/plugins/com.st.stm32cube.ide.mcu.externaltools.gnu-tools-for-stm32.10.3-2021.10.win32_1.0.0.202111181127/tools/bin/../lib/gcc/arm-none-eabi/10.3.1/../../../../arm-none-eabi/lib/thumb/v7e-m+fp/hard\libc_nano.a(lib_a-nano-freer.o)
 .ARM.attributes
                0x00000000000006f3       0x34 e:/stm32 cube ide/stm32cubeide_1.10.1/stm32cubeide/plugins/com.st.stm32cube.ide.mcu.externaltools.gnu-tools-for-stm32.10.3-2021.10.win32_1.0.0.202111181127/tools/bin/../lib/gcc/arm-none-eabi/10.3.1/../../../../arm-none-eabi/lib/thumb/v7e-m+fp/hard\libc_nano.a(lib_a-nano-mallocr.o)
 .ARM.attributes
                0x0000000000000727       0x34 e:/stm32 cube ide/stm32cubeide_1.10.1/stm32cubeide/plugins/com.st.stm32cube.ide.mcu.externaltools.gnu-tools-for-stm32.10.3-2021.10.win32_1.0.0.202111181127/tools/bin/../lib/gcc/arm-none-eabi/10.3.1/../../../../arm-none-eabi/lib/thumb/v7e-m+fp/hard\libc_nano.a(lib_a-printf.o)
 .ARM.attributes
                0x000000000000075b       0x34 e:/stm32 cube ide/stm32cubeide_1.10.1/stm32cubeide/plugins/com.st.stm32cube.ide.mcu.externaltools.gnu-tools-for-stm32.10.3-2021.10.win32_1.0.0.202111181127/tools/bin/../lib/gcc/arm-none-eabi/10.3.1/../../../../arm-none-eabi/lib/thumb/v7e-m+fp/hard\libc_nano.a(lib_a-puts.o)
 .ARM.attributes
                0x000000000000078f       0x34 e:/stm32 cube ide/stm32cubeide_1.10.1/stm32cubeide/plugins/com.st.stm32cube.ide.mcu.externaltools.gnu-tools-for-stm32.10.3-2021.10.win32_1.0.0.202111181127/tools/bin/../lib/gcc/arm-none-eabi/10.3.1/../../../../arm-none-eabi/lib/thumb/v7e-m+fp/hard\libc_nano.a(lib_a-sbrkr.o)
 .ARM.attributes
                0x00000000000007c3       0x34 e:/stm32 cube ide/stm32cubeide_1.10.1/stm32cubeide/plugins/com.st.stm32cube.ide.mcu.externaltools.gnu-tools-for-stm32.10.3-2021.10.win32_1.0.0.202111181127/tools/bin/../lib/gcc/arm-none-eabi/10.3.1/../../../../arm-none-eabi/lib/thumb/v7e-m+fp/hard\libc_nano.a(lib_a-stdio.o)
 .ARM.attributes
                0x00000000000007f7       0x34 e:/stm32 cube ide/stm32cubeide_1.10.1/stm32cubeide/plugins/com.st.stm32cube.ide.mcu.externaltools.gnu-tools-for-stm32.10.3-2021.10.win32_1.0.0.202111181127/tools/bin/../lib/gcc/arm-none-eabi/10.3.1/../../../../arm-none-eabi/lib/thumb/v7e-m+fp/hard\libc_nano.a(lib_a-strchr.o)
 .ARM.attributes
                0x000000000000082b       0x34 e:/stm32 cube ide/stm32cubeide_1.10.1/stm32cubeide/plugins/com.st.stm32cube.ide.mcu.externaltools.gnu-tools-for-stm32.10.3-2021.10.win32_1.0.0.202111181127/tools/bin/../lib/gcc/arm-none-eabi/10.3.1/../../../../arm-none-eabi/lib/thumb/v7e-m+fp/hard\libc_nano.a(lib_a-strcpy.o)
 .ARM.attributes
                0x000000000000085f       0x17 e:/stm32 cube ide/stm32cubeide_1.10.1/stm32cubeide/plugins/com.st.stm32cube.ide.mcu.externaltools.gnu-tools-for-stm32.10.3-2021.10.win32_1.0.0.202111181127/tools/bin/../lib/gcc/arm-none-eabi/10.3.1/../../../../arm-none-eabi/lib/thumb/v7e-m+fp/hard\libc_nano.a(lib_a-strlen.o)
 .ARM.attributes
                0x0000000000000876       0x34 e:/stm32 cube ide/stm32cubeide_1.10.1/stm32cubeide/plugins/com.st.stm32cube.ide.mcu.externaltools.gnu-tools-for-stm32.10.3-2021.10.win32_1.0.0.202111181127/tools/bin/../lib/gcc/arm-none-eabi/10.3.1/../../../../arm-none-eabi/lib/thumb/v7e-m+fp/hard\libc_nano.a(lib_a-strncmp.o)
 .ARM.attributes
                0x00000000000008aa       0x34 e:/stm32 cube ide/stm32cubeide_1.10.1/stm32cubeide/plugins/com.st.stm32cube.ide.mcu.externaltools.gnu-tools-for-stm32.10.3-2021.10.win32_1.0.0.202111181127/tools/bin/../lib/gcc/arm-none-eabi/10.3.1/../../../../arm-none-eabi/lib/thumb/v7e-m+fp/hard\libc_nano.a(lib_a-strncpy.o)
 .ARM.attributes
                0x00000000000008de       0x34 e:/stm32 cube ide/stm32cubeide_1.10.1/stm32cubeide/plugins/com.st.stm32cube.ide.mcu.externaltools.gnu-tools-for-stm32.10.3-2021.10.win32_1.0.0.202111181127/tools/bin/../lib/gcc/arm-none-eabi/10.3.1/../../../../arm-none-eabi/lib/thumb/v7e-m+fp/hard\libc_nano.a(lib_a-wbuf.o)
 .ARM.attributes
                0x0000000000000912       0x34 e:/stm32 cube ide/stm32cubeide_1.10.1/stm32cubeide/plugins/com.st.stm32cube.ide.mcu.externaltools.gnu-tools-for-stm32.10.3-2021.10.win32_1.0.0.202111181127/tools/bin/../lib/gcc/arm-none-eabi/10.3.1/../../../../arm-none-eabi/lib/thumb/v7e-m+fp/hard\libc_nano.a(lib_a-writer.o)
 .ARM.attributes
                0x0000000000000946       0x34 e:/stm32 cube ide/stm32cubeide_1.10.1/stm32cubeide/plugins/com.st.stm32cube.ide.mcu.externaltools.gnu-tools-for-stm32.10.3-2021.10.win32_1.0.0.202111181127/tools/bin/../lib/gcc/arm-none-eabi/10.3.1/../../../../arm-none-eabi/lib/thumb/v7e-m+fp/hard\libc_nano.a(lib_a-wsetup.o)
 .ARM.attributes