../Core/Src/mqtt_user.c:50:6:setMQTTBrokerTargetName	16	static
../Core/Src/mqtt_user.c:54:6:setMQTTSubTargetName	16	static
../Core/Src/mqtt_user.c:58:6:setMQTTPubTargetName	16	static
../Core/Src/mqtt_user.c:63:6:setMQTTClientID	16	static
../Core/Src/mqtt_user.c:68:6:setMQTTUsername	16	static
../Core/Src/mqtt_user.c:73:6:AXON_setMQTTPassword	16	static
../Core/Src/mqtt_user.c:78:6:setMQTTPubData	24	static
../Core/Src/mqtt_user.c:83:6:MQTTPublishMessage	8	static
../Core/Src/mqtt_user.c:88:6:MQTTmessageArrived	120	static
../Core/Src/mqtt_user.c:105:6:MQTTInitialze	144	static
../Core/Src/mqtt_user.c:132:5:mqttSubscribe	16	static
../Core/Src/mqtt_user.c:139:6:mqttYield	8	static
